Archive member included to satisfy reference by file (symbol)

c:/st/stm32cubeide_1.11.2/stm32cubeide/plugins/com.st.stm32cube.ide.mcu.externaltools.gnu-tools-for-stm32.10.3-2021.10.win32_1.0.100.202210260954/tools/bin/../lib/gcc/arm-none-eabi/10.3.1/../../../../arm-none-eabi/lib/thumb/v7-m/nofp\libc_nano.a(lib_a-errno.o)
                              ./Core/Src/syscalls.o (__errno)
c:/st/stm32cubeide_1.11.2/stm32cubeide/plugins/com.st.stm32cube.ide.mcu.externaltools.gnu-tools-for-stm32.10.3-2021.10.win32_1.0.100.202210260954/tools/bin/../lib/gcc/arm-none-eabi/10.3.1/../../../../arm-none-eabi/lib/thumb/v7-m/nofp\libc_nano.a(lib_a-exit.o)
                              c:/st/stm32cubeide_1.11.2/stm32cubeide/plugins/com.st.stm32cube.ide.mcu.externaltools.gnu-tools-for-stm32.10.3-2021.10.win32_1.0.100.202210260954/tools/bin/../lib/gcc/arm-none-eabi/10.3.1/../../../../arm-none-eabi/lib/thumb/v7-m/nofp/crt0.o (exit)
c:/st/stm32cubeide_1.11.2/stm32cubeide/plugins/com.st.stm32cube.ide.mcu.externaltools.gnu-tools-for-stm32.10.3-2021.10.win32_1.0.100.202210260954/tools/bin/../lib/gcc/arm-none-eabi/10.3.1/../../../../arm-none-eabi/lib/thumb/v7-m/nofp\libc_nano.a(lib_a-impure.o)
                              c:/st/stm32cubeide_1.11.2/stm32cubeide/plugins/com.st.stm32cube.ide.mcu.externaltools.gnu-tools-for-stm32.10.3-2021.10.win32_1.0.100.202210260954/tools/bin/../lib/gcc/arm-none-eabi/10.3.1/../../../../arm-none-eabi/lib/thumb/v7-m/nofp\libc_nano.a(lib_a-exit.o) (_global_impure_ptr)
c:/st/stm32cubeide_1.11.2/stm32cubeide/plugins/com.st.stm32cube.ide.mcu.externaltools.gnu-tools-for-stm32.10.3-2021.10.win32_1.0.100.202210260954/tools/bin/../lib/gcc/arm-none-eabi/10.3.1/../../../../arm-none-eabi/lib/thumb/v7-m/nofp\libc_nano.a(lib_a-init.o)
                              c:/st/stm32cubeide_1.11.2/stm32cubeide/plugins/com.st.stm32cube.ide.mcu.externaltools.gnu-tools-for-stm32.10.3-2021.10.win32_1.0.100.202210260954/tools/bin/../lib/gcc/arm-none-eabi/10.3.1/../../../../arm-none-eabi/lib/thumb/v7-m/nofp/crt0.o (__libc_init_array)
c:/st/stm32cubeide_1.11.2/stm32cubeide/plugins/com.st.stm32cube.ide.mcu.externaltools.gnu-tools-for-stm32.10.3-2021.10.win32_1.0.100.202210260954/tools/bin/../lib/gcc/arm-none-eabi/10.3.1/../../../../arm-none-eabi/lib/thumb/v7-m/nofp\libc_nano.a(lib_a-memset.o)
                              c:/st/stm32cubeide_1.11.2/stm32cubeide/plugins/com.st.stm32cube.ide.mcu.externaltools.gnu-tools-for-stm32.10.3-2021.10.win32_1.0.100.202210260954/tools/bin/../lib/gcc/arm-none-eabi/10.3.1/../../../../arm-none-eabi/lib/thumb/v7-m/nofp/crt0.o (memset)
c:/st/stm32cubeide_1.11.2/stm32cubeide/plugins/com.st.stm32cube.ide.mcu.externaltools.gnu-tools-for-stm32.10.3-2021.10.win32_1.0.100.202210260954/tools/bin/../lib/gcc/arm-none-eabi/10.3.1/../../../../arm-none-eabi/lib/thumb/v7-m/nofp\libc_nano.a(lib_a-sprintf.o)
                              ./Core/Src/main.o (sprintf)
c:/st/stm32cubeide_1.11.2/stm32cubeide/plugins/com.st.stm32cube.ide.mcu.externaltools.gnu-tools-for-stm32.10.3-2021.10.win32_1.0.100.202210260954/tools/bin/../lib/gcc/arm-none-eabi/10.3.1/../../../../arm-none-eabi/lib/thumb/v7-m/nofp\libc_nano.a(lib_a-strlen.o)
                              ./Core/Src/main.o (strlen)
c:/st/stm32cubeide_1.11.2/stm32cubeide/plugins/com.st.stm32cube.ide.mcu.externaltools.gnu-tools-for-stm32.10.3-2021.10.win32_1.0.100.202210260954/tools/bin/../lib/gcc/arm-none-eabi/10.3.1/../../../../arm-none-eabi/lib/thumb/v7-m/nofp\libc_nano.a(lib_a-nano-svfprintf.o)
                              c:/st/stm32cubeide_1.11.2/stm32cubeide/plugins/com.st.stm32cube.ide.mcu.externaltools.gnu-tools-for-stm32.10.3-2021.10.win32_1.0.100.202210260954/tools/bin/../lib/gcc/arm-none-eabi/10.3.1/../../../../arm-none-eabi/lib/thumb/v7-m/nofp\libc_nano.a(lib_a-sprintf.o) (_svfprintf_r)
c:/st/stm32cubeide_1.11.2/stm32cubeide/plugins/com.st.stm32cube.ide.mcu.externaltools.gnu-tools-for-stm32.10.3-2021.10.win32_1.0.100.202210260954/tools/bin/../lib/gcc/arm-none-eabi/10.3.1/../../../../arm-none-eabi/lib/thumb/v7-m/nofp\libc_nano.a(lib_a-nano-vfprintf_i.o)
                              c:/st/stm32cubeide_1.11.2/stm32cubeide/plugins/com.st.stm32cube.ide.mcu.externaltools.gnu-tools-for-stm32.10.3-2021.10.win32_1.0.100.202210260954/tools/bin/../lib/gcc/arm-none-eabi/10.3.1/../../../../arm-none-eabi/lib/thumb/v7-m/nofp\libc_nano.a(lib_a-nano-svfprintf.o) (_printf_i)
c:/st/stm32cubeide_1.11.2/stm32cubeide/plugins/com.st.stm32cube.ide.mcu.externaltools.gnu-tools-for-stm32.10.3-2021.10.win32_1.0.100.202210260954/tools/bin/../lib/gcc/arm-none-eabi/10.3.1/../../../../arm-none-eabi/lib/thumb/v7-m/nofp\libc_nano.a(lib_a-memchr-stub.o)
                              c:/st/stm32cubeide_1.11.2/stm32cubeide/plugins/com.st.stm32cube.ide.mcu.externaltools.gnu-tools-for-stm32.10.3-2021.10.win32_1.0.100.202210260954/tools/bin/../lib/gcc/arm-none-eabi/10.3.1/../../../../arm-none-eabi/lib/thumb/v7-m/nofp\libc_nano.a(lib_a-nano-svfprintf.o) (memchr)
[...]
Memory Configuration

Name             Origin             Length             Attributes
RAM              0x0000000020000000 0x0000000000005000 xrw
FLASH            0x0000000008000000 0x0000000000020000 xr
*default*        0x0000000000000000 0xffffffffffffffff

Linker script and memory map

LOAD c:/st/stm32cubeide_1.11.2/stm32cubeide/plugins/com.st.stm32cube.ide.mcu.externaltools.gnu-tools-for-stm32.10.3-2021.10.win32_1.0.100.202210260954/tools/bin/../lib/gcc/arm-none-eabi/10.3.1/thumb/v7-m/nofp/crti.o
LOAD c:/st/stm32cubeide_1.11.2/stm32cubeide/plugins/com.st.stm32cube.ide.mcu.externaltools.gnu-tools-for-stm32.10.3-2021.10.win32_1.0.100.202210260954/tools/bin/../lib/gcc/arm-none-eabi/10.3.1/thumb/v7-m/nofp/crtbegin.o
LOAD c:/st/stm32cubeide_1.11.2/stm32cubeide/plugins/com.st.stm32cube.ide.mcu.externaltools.gnu-tools-for-stm32.10.3-2021.10.win32_1.0.100.202210260954/tools/bin/../lib/gcc/arm-none-eabi/10.3.1/../../../../arm-none-eabi/lib/thumb/v7-m/nofp/crt0.o
LOAD ./Core/ECUAL/SERVO/SERVO.o
LOAD ./Core/ECUAL/SERVO/SERVO_cfg.o
LOAD ./Core/Src/main.o
LOAD ./Core/Src/scheduler.o
LOAD ./Core/Src/stm32f1xx_hal_msp.o
LOAD ./Core/Src/stm32f1xx_it.o
LOAD ./Core/Src/syscalls.o
LOAD ./Core/Src/sysmem.o
LOAD ./Core/Src/system_stm32f1xx.o
LOAD ./Core/Src/tmpsensor.o
LOAD ./Core/Startup/startup_stm32f103rbtx.o
LOAD ./Core/util/DWT_Delay.o
LOAD ./Drivers/STM32F1xx_HAL_Driver/Src/stm32f1xx_hal.o
LOAD ./Drivers/STM32F1xx_HAL_Driver/Src/stm32f1xx_hal_adc.o
LOAD ./Drivers/STM32F1xx_HAL_Driver/Src/stm32f1xx_hal_adc_ex.o
LOAD ./Drivers/STM32F1xx_HAL_Driver/Src/stm32f1xx_hal_cortex.o
LOAD ./Drivers/STM32F1xx_HAL_Driver/Src/stm32f1xx_hal_dma.o
LOAD ./Drivers/STM32F1xx_HAL_Driver/Src/stm32f1xx_hal_exti.o
LOAD ./Drivers/STM32F1xx_HAL_Driver/Src/stm32f1xx_hal_flash.o
LOAD ./Drivers/STM32F1xx_HAL_Driver/Src/stm32f1xx_hal_flash_ex.o
LOAD ./Drivers/STM32F1xx_HAL_Driver/Src/stm32f1xx_hal_gpio.o
LOAD ./Drivers/STM32F1xx_HAL_Driver/Src/stm32f1xx_hal_gpio_ex.o
LOAD ./Drivers/STM32F1xx_HAL_Driver/Src/stm32f1xx_hal_pwr.o
LOAD ./Drivers/STM32F1xx_HAL_Driver/Src/stm32f1xx_hal_rcc.o
LOAD ./Drivers/STM32F1xx_HAL_Driver/Src/stm32f1xx_hal_rcc_ex.o
LOAD ./Drivers/STM32F1xx_HAL_Driver/Src/stm32f1xx_hal_tim.o
LOAD ./Drivers/STM32F1xx_HAL_Driver/Src/stm32f1xx_hal_tim_ex.o
LOAD ./Drivers/STM32F1xx_HAL_Driver/Src/stm32f1xx_hal_uart.o
START GROUP
LOAD c:/st/stm32cubeide_1.11.2/stm32cubeide/plugins/com.st.stm32cube.ide.mcu.externaltools.gnu-tools-for-stm32.10.3-2021.10.win32_1.0.100.202210260954/tools/bin/../lib/gcc/arm-none-eabi/10.3.1/../../../../arm-none-eabi/lib/thumb/v7-m/nofp\libc_nano.a
LOAD c:/st/stm32cubeide_1.11.2/stm32cubeide/plugins/com.st.stm32cube.ide.mcu.externaltools.gnu-tools-for-stm32.10.3-2021.10.win32_1.0.100.202210260954/tools/bin/../lib/gcc/arm-none-eabi/10.3.1/../../../../arm-none-eabi/lib/thumb/v7-m/nofp\libm.a
END GROUP
START GROUP
LOAD c:/st/stm32cubeide_1.11.2/stm32cubeide/plugins/com.st.stm32cube.ide.mcu.externaltools.gnu-tools-for-stm32.10.3-2021.10.win32_1.0.100.202210260954/tools/bin/../lib/gcc/arm-none-eabi/10.3.1/thumb/v7-m/nofp\libgcc.a
LOAD c:/st/stm32cubeide_1.11.2/stm32cubeide/plugins/com.st.stm32cube.ide.mcu.externaltools.gnu-tools-for-stm32.10.3-2021.10.win32_1.0.100.202210260954/tools/bin/../lib/gcc/arm-none-eabi/10.3.1/../../../../arm-none-eabi/lib/thumb/v7-m/nofp\libc_nano.a
END GROUP
START GROUP
LOAD c:/st/stm32cubeide_1.11.2/stm32cubeide/plugins/com.st.stm32cube.ide.mcu.externaltools.gnu-tools-for-stm32.10.3-2021.10.win32_1.0.100.202210260954/tools/bin/../lib/gcc/arm-none-eabi/10.3.1/thumb/v7-m/nofp\libgcc.a
LOAD c:/st/stm32cubeide_1.11.2/stm32cubeide/plugins/com.st.stm32cube.ide.mcu.externaltools.gnu-tools-for-stm32.10.3-2021.10.win32_1.0.100.202210260954/tools/bin/../lib/gcc/arm-none-eabi/10.3.1/../../../../arm-none-eabi/lib/thumb/v7-m/nofp\libc_nano.a
LOAD c:/st/stm32cubeide_1.11.2/stm32cubeide/plugins/com.st.stm32cube.ide.mcu.externaltools.gnu-tools-for-stm32.10.3-2021.10.win32_1.0.100.202210260954/tools/bin/../lib/gcc/arm-none-eabi/10.3.1/../../../../arm-none-eabi/lib/thumb/v7-m/nofp\libnosys.a
END GROUP
START GROUP
LOAD c:/st/stm32cubeide_1.11.2/stm32cubeide/plugins/com.st.stm32cube.ide.mcu.externaltools.gnu-tools-for-stm32.10.3-2021.10.win32_1.0.100.202210260954/tools/bin/../lib/gcc/arm-none-eabi/10.3.1/thumb/v7-m/nofp\libgcc.a
LOAD c:/st/stm32cubeide_1.11.2/stm32cubeide/plugins/com.st.stm32cube.ide.mcu.externaltools.gnu-tools-for-stm32.10.3-2021.10.win32_1.0.100.202210260954/tools/bin/../lib/gcc/arm-none-eabi/10.3.1/../../../../arm-none-eabi/lib/thumb/v7-m/nofp\libc_nano.a
LOAD c:/st/stm32cubeide_1.11.2/stm32cubeide/plugins/com.st.stm32cube.ide.mcu.externaltools.gnu-tools-for-stm32.10.3-2021.10.win32_1.0.100.202210260954/tools/bin/../lib/gcc/arm-none-eabi/10.3.1/../../../../arm-none-eabi/lib/thumb/v7-m/nofp\libnosys.a
END GROUP
LOAD c:/st/stm32cubeide_1.11.2/stm32cubeide/plugins/com.st.stm32cube.ide.mcu.externaltools.gnu-tools-for-stm32.10.3-2021.10.win32_1.0.100.202210260954/tools/bin/../lib/gcc/arm-none-eabi/10.3.1/thumb/v7-m/nofp/crtend.o
LOAD c:/st/stm32cubeide_1.11.2/stm32cubeide/plugins/com.st.stm32cube.ide.mcu.externaltools.gnu-tools-for-stm32.10.3-2021.10.win32_1.0.100.202210260954/tools/bin/../lib/gcc/arm-none-eabi/10.3.1/thumb/v7-m/nofp/crtn.o
                0x0000000020005000                _estack = (ORIGIN (RAM) + LENGTH (RAM))
                0x0000000000000200                _Min_Heap_Size = 0x200
                0x0000000000000400                _Min_Stack_Size = 0x400

.isr_vector     0x0000000008000000      0x10c
                0x0000000008000000                . = ALIGN (0x4)
 *(.isr_vector)
 .isr_vector    0x0000000008000000      0x10c ./Core/Startup/startup_stm32f103rbtx.o
                0x0000000008000000                g_pfnVectors
                0x000000000800010c                . = ALIGN (0x4)

.text           0x000000000800010c     0x6974
                0x000000000800010c                . = ALIGN (0x4)
 *(.text)
 .text          0x000000000800010c       0x40 c:/st/stm32cubeide_1.11.2/stm32cubeide/plugins/com.st.stm32cube.ide.mcu.externaltools.gnu-tools-for-stm32.10.3-2021.10.win32_1.0.100.202210260954/tools/bin/../lib/gcc/arm-none-eabi/10.3.1/thumb/v7-m/nofp/crtbegin.o
 .text          0x000000000800014c       0x10 c:/st/stm32cubeide_1.11.2/stm32cubeide/plugins/com.st.stm32cube.ide.mcu.externaltools.gnu-tools-for-stm32.10.3-2021.10.win32_1.0.100.202210260954/tools/bin/../lib/gcc/arm-none-eabi/10.3.1/../../../../arm-none-eabi/lib/thumb/v7-m/nofp\libc_nano.a(lib_a-strlen.o)
                0x000000000800014c                strlen
 .text          0x000000000800015c      0x168 c:/st/stm32cubeide_1.11.2/stm32cubeide/plugins/com.st.stm32cube.ide.mcu.externaltools.gnu-tools-for-stm32.10.3-2021.10.win32_1.0.100.202210260954/tools/bin/../lib/gcc/arm-none-eabi/10.3.1/thumb/v7-m/nofp\libgcc.a(_arm_mulsf3.o)
                0x000000000800015c                __aeabi_fmul
                0x000000000800015c                __mulsf3
 .text          0x00000000080002c4      0x378 c:/st/stm32cubeide_1.11.2/stm32cubeide/plugins/com.st.stm32cube.ide.mcu.externaltools.gnu-tools-for-stm32.10.3-2021.10.win32_1.0.100.202210260954/tools/bin/../lib/gcc/arm-none-eabi/10.3.1/thumb/v7-m/nofp\libgcc.a(_arm_addsubdf3.o)
                0x00000000080002c4                __aeabi_drsub
                0x00000000080002cc                __aeabi_dsub
                0x00000000080002cc                __subdf3
                0x00000000080002d0                __aeabi_dadd
                0x00000000080002d0                __adddf3
                0x0000000008000548                __floatunsidf
                0x0000000008000548                __aeabi_ui2d
                0x0000000008000568                __floatsidf
                0x0000000008000568                __aeabi_i2d
                0x000000000800058c                __aeabi_f2d
                0x000000000800058c                __extendsfdf2
                0x00000000080005d0                __floatundidf
                0x00000000080005d0                __aeabi_ul2d
                0x00000000080005e0                __floatdidf
                0x00000000080005e0                __aeabi_l2d
 .text          0x000000000800063c      0x424 c:/st/stm32cubeide_1.11.2/stm32cubeide/plugins/com.st.stm32cube.ide.mcu.externaltools.gnu-tools-for-stm32.10.3-2021.10.win32_1.0.100.202210260954/tools/bin/../lib/gcc/arm-none-eabi/10.3.1/thumb/v7-m/nofp\libgcc.a(_arm_muldivdf3.o)
                0x000000000800063c                __aeabi_dmul
                0x000000000800063c                __muldf3
                0x0000000008000890                __divdf3
                0x0000000008000890                __aeabi_ddiv
 .text          0x0000000008000a60       0x40 c:/st/stm32cubeide_1.11.2/stm32cubeide/plugins/com.st.stm32cube.ide.mcu.externaltools.gnu-tools-for-stm32.10.3-2021.10.win32_1.0.100.202210260954/tools/bin/../lib/gcc/arm-none-eabi/10.3.1/thumb/v7-m/nofp\libgcc.a(_arm_fixunsdfsi.o)
                0x0000000008000a60                __aeabi_d2uiz
                0x0000000008000a60                __fixunsdfsi
 .text          0x0000000008000aa0       0xa0 c:/st/stm32cubeide_1.11.2/stm32cubeide/plugins/com.st.stm32cube.ide.mcu.externaltools.gnu-tools-for-stm32.10.3-2021.10.win32_1.0.100.202210260954/tools/bin/../lib/gcc/arm-none-eabi/10.3.1/thumb/v7-m/nofp\libgcc.a(_arm_truncdfsf2.o)
                0x0000000008000aa0                __truncdfsf2
                0x0000000008000aa0                __aeabi_d2f
 .text          0x0000000008000b40      0x21c c:/st/stm32cubeide_1.11.2/stm32cubeide/plugins/com.st.stm32cube.ide.mcu.externaltools.gnu-tools-for-stm32.10.3-2021.10.win32_1.0.100.202210260954/tools/bin/../lib/gcc/arm-none-eabi/10.3.1/thumb/v7-m/nofp\libgcc.a(_arm_addsubsf3.o)
                0x0000000008000b40                __aeabi_frsub
                0x0000000008000b48                __subsf3
                0x0000000008000b48                __aeabi_fsub
                0x0000000008000b4c                __aeabi_fadd
                0x0000000008000b4c                __addsf3
                0x0000000008000cac                __aeabi_ui2f
                0x0000000008000cac                __floatunsisf
                0x0000000008000cb4                __aeabi_i2f
                0x0000000008000cb4                __floatsisf
                0x0000000008000cd0                __aeabi_ul2f
                0x0000000008000cd0                __floatundisf
                0x0000000008000ce0                __aeabi_l2f
                0x0000000008000ce0                __floatdisf
 .text          0x0000000008000d5c       0x40 c:/st/stm32cubeide_1.11.2/stm32cubeide/plugins/com.st.stm32cube.ide.mcu.externaltools.gnu-tools-for-stm32.10.3-2021.10.win32_1.0.100.202210260954/tools/bin/../lib/gcc/arm-none-eabi/10.3.1/thumb/v7-m/nofp\libgcc.a(_arm_fixunssfsi.o)
                0x0000000008000d5c                __fixunssfsi
                0x0000000008000d5c                __aeabi_f2uiz
 *(.text*)
 .text.SERVO_Init
                0x0000000008000d9c      0x438 ./Core/ECUAL/SERVO/SERVO.o
                0x0000000008000d9c                SERVO_Init
 .text.SERVO_RawMove
                0x00000000080011d4       0x50 ./Core/ECUAL/SERVO/SERVO.o
                0x00000000080011d4                SERVO_RawMove
 .text.SERVO_Get_MaxPulse
                0x0000000008001224       0x24 ./Core/ECUAL/SERVO/SERVO.o
                0x0000000008001224                SERVO_Get_MaxPulse
 .text.SERVO_Get_MinPulse
                0x0000000008001248       0x20 ./Core/ECUAL/SERVO/SERVO.o
                0x0000000008001248                SERVO_Get_MinPulse
 .text.task1    0x0000000008001268       0x60 ./Core/Src/main.o
                0x0000000008001268                task1
 .text.task2    0x00000000080012c8       0x58 ./Core/Src/main.o
                0x00000000080012c8                task2
 .text.resentack
                0x0000000008001320       0x64 ./Core/Src/main.o
                0x0000000008001320                resentack
 .text.Button   0x0000000008001384      0x104 ./Core/Src/main.o
                0x0000000008001384                Button
 .text.record   0x0000000008001488       0x64 ./Core/Src/main.o
                0x0000000008001488                record
 .text.play_servo
                0x00000000080014ec      0x18c ./Core/Src/main.o
                0x00000000080014ec                play_servo
 .text.myabs    0x0000000008001678       0x20 ./Core/Src/main.o
                0x0000000008001678                myabs
 .text.calculate
                0x0000000008001698      0x1a4 ./Core/Src/main.o
                0x0000000008001698                calculate
 .text.max      0x000000000800183c       0x22 ./Core/Src/main.o
                0x000000000800183c                max
 *fill*         0x000000000800185e        0x2 
 .text.Read     0x0000000008001860       0x5c ./Core/Src/main.o
                0x0000000008001860                Read
 .text.play     0x00000000080018bc       0xbc ./Core/Src/main.o
                0x00000000080018bc                play
 .text.control_servo
                0x0000000008001978      0x130 ./Core/Src/main.o
                0x0000000008001978                control_servo
 .text.main     0x0000000008001aa8      0x1f8 ./Core/Src/main.o
                0x0000000008001aa8                main
 .text.SystemClock_Config
                0x0000000008001ca0       0xb6 ./Core/Src/main.o
                0x0000000008001ca0                SystemClock_Config
 *fill*         0x0000000008001d56        0x2 
 .text.MX_ADC1_Init
                0x0000000008001d58       0xe0 ./Core/Src/main.o
 .text.MX_TIM2_Init
                0x0000000008001e38       0x98 ./Core/Src/main.o
 .text.MX_USART1_UART_Init
                0x0000000008001ed0       0x54 ./Core/Src/main.o
 .text.MX_DMA_Init
                0x0000000008001f24       0x4c ./Core/Src/main.o
 .text.MX_GPIO_Init
                0x0000000008001f70      0x120 ./Core/Src/main.o
 .text.HAL_GPIO_EXTI_Callback
                0x0000000008002090       0x80 ./Core/Src/main.o
                0x0000000008002090                HAL_GPIO_EXTI_Callback
 .text.HAL_UART_RxCpltCallback
                0x0000000008002110       0xf0 ./Core/Src/main.o
                0x0000000008002110                HAL_UART_RxCpltCallback
 .text.HAL_TIM_PeriodElapsedCallback
                0x0000000008002200       0x48 ./Core/Src/main.o
                0x0000000008002200                HAL_TIM_PeriodElapsedCallback
 .text.Error_Handler
                0x0000000008002248        0xa ./Core/Src/main.o
                0x0000000008002248                Error_Handler
 *fill*         0x0000000008002252        0x2 
 .text.SCH_Add_Task
                0x0000000008002254       0xac ./Core/Src/scheduler.o
                0x0000000008002254                SCH_Add_Task
 .text.SCH_Update
                0x0000000008002300       0xc0 ./Core/Src/scheduler.o
                0x0000000008002300                SCH_Update
 .text.SCH_Dispatch_Tasks
                0x00000000080023c0       0x84 ./Core/Src/scheduler.o
                0x00000000080023c0                SCH_Dispatch_Tasks
 .text.HAL_MspInit
                0x0000000008002444       0x64 ./Core/Src/stm32f1xx_hal_msp.o
                0x0000000008002444                HAL_MspInit
 .text.HAL_ADC_MspInit
                0x00000000080024a8       0xd0 ./Core/Src/stm32f1xx_hal_msp.o
                0x00000000080024a8                HAL_ADC_MspInit
 .text.HAL_TIM_Base_MspInit
                0x0000000008002578       0x48 ./Core/Src/stm32f1xx_hal_msp.o
                0x0000000008002578                HAL_TIM_Base_MspInit
 .text.HAL_TIM_PWM_MspInit
                0x00000000080025c0       0x3c ./Core/Src/stm32f1xx_hal_msp.o
                0x00000000080025c0                HAL_TIM_PWM_MspInit
 .text.HAL_UART_MspInit
                0x00000000080025fc       0xfc ./Core/Src/stm32f1xx_hal_msp.o
                0x00000000080025fc                HAL_UART_MspInit
 .text.NMI_Handler
                0x00000000080026f8        0x6 ./Core/Src/stm32f1xx_it.o
                0x00000000080026f8                NMI_Handler
 .text.HardFault_Handler
                0x00000000080026fe        0x6 ./Core/Src/stm32f1xx_it.o
                0x00000000080026fe                HardFault_Handler
 .text.MemManage_Handler
                0x0000000008002704        0x6 ./Core/Src/stm32f1xx_it.o
                0x0000000008002704                MemManage_Handler
 .text.BusFault_Handler
                0x000000000800270a        0x6 ./Core/Src/stm32f1xx_it.o
                0x000000000800270a                BusFault_Handler
 .text.UsageFault_Handler
                0x0000000008002710        0x6 ./Core/Src/stm32f1xx_it.o
                0x0000000008002710                UsageFault_Handler
 .text.SVC_Handler
                0x0000000008002716        0xc ./Core/Src/stm32f1xx_it.o
                0x0000000008002716                SVC_Handler
 .text.DebugMon_Handler
                0x0000000008002722        0xc ./Core/Src/stm32f1xx_it.o
                0x0000000008002722                DebugMon_Handler
 .text.PendSV_Handler
                0x000000000800272e        0xc ./Core/Src/stm32f1xx_it.o
                0x000000000800272e                PendSV_Handler
 .text.SysTick_Handler
                0x000000000800273a        0xc ./Core/Src/stm32f1xx_it.o
                0x000000000800273a                SysTick_Handler
 *fill*         0x0000000008002746        0x2 
 .text.DMA1_Channel1_IRQHandler
                0x0000000008002748       0x14 ./Core/Src/stm32f1xx_it.o
                0x0000000008002748                DMA1_Channel1_IRQHandler
 .text.DMA1_Channel5_IRQHandler
                0x000000000800275c       0x14 ./Core/Src/stm32f1xx_it.o
                0x000000000800275c                DMA1_Channel5_IRQHandler
 .text.TIM2_IRQHandler
                0x0000000008002770       0x14 ./Core/Src/stm32f1xx_it.o
                0x0000000008002770                TIM2_IRQHandler
 .text.USART1_IRQHandler
                0x0000000008002784       0x14 ./Core/Src/stm32f1xx_it.o
                0x0000000008002784                USART1_IRQHandler
 .text.EXTI15_10_IRQHandler
                0x0000000008002798       0x10 ./Core/Src/stm32f1xx_it.o
                0x0000000008002798                EXTI15_10_IRQHandler
 .text._sbrk    0x00000000080027a8       0x6c ./Core/Src/sysmem.o
                0x00000000080027a8                _sbrk
 .text.SystemInit
                0x0000000008002814        0xc ./Core/Src/system_stm32f1xx.o
                0x0000000008002814                SystemInit
 .text.Reset_Handler
                0x0000000008002820       0x48 ./Core/Startup/startup_stm32f103rbtx.o
                0x0000000008002820                Reset_Handler
 .text.Default_Handler
                0x0000000008002868        0x2 ./Core/Startup/startup_stm32f103rbtx.o
                0x0000000008002868                RTC_Alarm_IRQHandler
                0x0000000008002868                EXTI2_IRQHandler
                0x0000000008002868                TIM1_CC_IRQHandler
                0x0000000008002868                PVD_IRQHandler
                0x0000000008002868                EXTI3_IRQHandler
                0x0000000008002868                EXTI0_IRQHandler
                0x0000000008002868                I2C2_EV_IRQHandler
                0x0000000008002868                ADC1_2_IRQHandler
                0x0000000008002868                SPI1_IRQHandler
                0x0000000008002868                TAMPER_IRQHandler
                0x0000000008002868                DMA1_Channel4_IRQHandler
                0x0000000008002868                USART3_IRQHandler
                0x0000000008002868                RTC_IRQHandler
                0x0000000008002868                DMA1_Channel7_IRQHandler
                0x0000000008002868                CAN1_RX1_IRQHandler
                0x0000000008002868                TIM4_IRQHandler
                0x0000000008002868                I2C1_EV_IRQHandler
                0x0000000008002868                DMA1_Channel6_IRQHandler
                0x0000000008002868                TIM3_IRQHandler
                0x0000000008002868                RCC_IRQHandler
                0x0000000008002868                TIM1_TRG_COM_IRQHandler
                0x0000000008002868                Default_Handler
                0x0000000008002868                EXTI9_5_IRQHandler
                0x0000000008002868                SPI2_IRQHandler
                0x0000000008002868                EXTI4_IRQHandler
                0x0000000008002868                USB_LP_CAN1_RX0_IRQHandler
                0x0000000008002868                USB_HP_CAN1_TX_IRQHandler
                0x0000000008002868                DMA1_Channel3_IRQHandler
                0x0000000008002868                TIM1_UP_IRQHandler
                0x0000000008002868                WWDG_IRQHandler
                0x0000000008002868                TIM1_BRK_IRQHandler
                0x0000000008002868                EXTI1_IRQHandler
                0x0000000008002868                USART2_IRQHandler
                0x0000000008002868                I2C2_ER_IRQHandler
                0x0000000008002868                DMA1_Channel2_IRQHandler
                0x0000000008002868                CAN1_SCE_IRQHandler
                0x0000000008002868                FLASH_IRQHandler
                0x0000000008002868                I2C1_ER_IRQHandler
                0x0000000008002868                USBWakeUp_IRQHandler
 *fill*         0x000000000800286a        0x2 
 .text.DWT_Delay_Init
                0x000000000800286c       0x60 ./Core/util/DWT_Delay.o
                0x000000000800286c                DWT_Delay_Init
 .text.HAL_Init
                0x00000000080028cc       0x2c ./Drivers/STM32F1xx_HAL_Driver/Src/stm32f1xx_hal.o
                0x00000000080028cc                HAL_Init
 .text.HAL_InitTick
                0x00000000080028f8       0x60 ./Drivers/STM32F1xx_HAL_Driver/Src/stm32f1xx_hal.o
                0x00000000080028f8                HAL_InitTick
 .text.HAL_IncTick
                0x0000000008002958       0x24 ./Drivers/STM32F1xx_HAL_Driver/Src/stm32f1xx_hal.o
                0x0000000008002958                HAL_IncTick
 .text.HAL_GetTick
                0x000000000800297c       0x14 ./Drivers/STM32F1xx_HAL_Driver/Src/stm32f1xx_hal.o
                0x000000000800297c                HAL_GetTick
 .text.HAL_Delay
                0x0000000008002990       0x48 ./Drivers/STM32F1xx_HAL_Driver/Src/stm32f1xx_hal.o
                0x0000000008002990                HAL_Delay
 .text.HAL_ADC_Init
                0x00000000080029d8      0x1b0 ./Drivers/STM32F1xx_HAL_Driver/Src/stm32f1xx_hal_adc.o
                0x00000000080029d8                HAL_ADC_Init
 .text.HAL_ADC_Start_DMA
                0x0000000008002b88      0x1bc ./Drivers/STM32F1xx_HAL_Driver/Src/stm32f1xx_hal_adc.o
                0x0000000008002b88                HAL_ADC_Start_DMA
 .text.HAL_ADC_ConvCpltCallback
                0x0000000008002d44       0x12 ./Drivers/STM32F1xx_HAL_Driver/Src/stm32f1xx_hal_adc.o
                0x0000000008002d44                HAL_ADC_ConvCpltCallback
 .text.HAL_ADC_ConvHalfCpltCallback
                0x0000000008002d56       0x12 ./Drivers/STM32F1xx_HAL_Driver/Src/stm32f1xx_hal_adc.o
                0x0000000008002d56                HAL_ADC_ConvHalfCpltCallback
 .text.HAL_ADC_ErrorCallback
                0x0000000008002d68       0x12 ./Drivers/STM32F1xx_HAL_Driver/Src/stm32f1xx_hal_adc.o
                0x0000000008002d68                HAL_ADC_ErrorCallback
 *fill*         0x0000000008002d7a        0x2 
 .text.HAL_ADC_ConfigChannel
                0x0000000008002d7c      0x1f0 ./Drivers/STM32F1xx_HAL_Driver/Src/stm32f1xx_hal_adc.o
                0x0000000008002d7c                HAL_ADC_ConfigChannel
 .text.ADC_Enable
                0x0000000008002f6c       0xb4 ./Drivers/STM32F1xx_HAL_Driver/Src/stm32f1xx_hal_adc.o
                0x0000000008002f6c                ADC_Enable
 .text.ADC_ConversionStop_Disable
                0x0000000008003020       0x82 ./Drivers/STM32F1xx_HAL_Driver/Src/stm32f1xx_hal_adc.o
                0x0000000008003020                ADC_ConversionStop_Disable
 .text.ADC_DMAConvCplt
                0x00000000080030a2       0x7c ./Drivers/STM32F1xx_HAL_Driver/Src/stm32f1xx_hal_adc.o
                0x00000000080030a2                ADC_DMAConvCplt
 .text.ADC_DMAHalfConvCplt
                0x000000000800311e       0x1c ./Drivers/STM32F1xx_HAL_Driver/Src/stm32f1xx_hal_adc.o
                0x000000000800311e                ADC_DMAHalfConvCplt
 .text.ADC_DMAError
                0x000000000800313a       0x34 ./Drivers/STM32F1xx_HAL_Driver/Src/stm32f1xx_hal_adc.o
                0x000000000800313a                ADC_DMAError
 *fill*         0x000000000800316e        0x2 
 .text.__NVIC_SetPriorityGrouping
                0x0000000008003170       0x48 ./Drivers/STM32F1xx_HAL_Driver/Src/stm32f1xx_hal_cortex.o
 .text.__NVIC_GetPriorityGrouping
                0x00000000080031b8       0x1c ./Drivers/STM32F1xx_HAL_Driver/Src/stm32f1xx_hal_cortex.o
 .text.__NVIC_EnableIRQ
                0x00000000080031d4       0x38 ./Drivers/STM32F1xx_HAL_Driver/Src/stm32f1xx_hal_cortex.o
 .text.__NVIC_SetPriority
                0x000000000800320c       0x54 ./Drivers/STM32F1xx_HAL_Driver/Src/stm32f1xx_hal_cortex.o
 .text.NVIC_EncodePriority
                0x0000000008003260       0x64 ./Drivers/STM32F1xx_HAL_Driver/Src/stm32f1xx_hal_cortex.o
 .text.SysTick_Config
                0x00000000080032c4       0x44 ./Drivers/STM32F1xx_HAL_Driver/Src/stm32f1xx_hal_cortex.o
 .text.HAL_NVIC_SetPriorityGrouping
                0x0000000008003308       0x16 ./Drivers/STM32F1xx_HAL_Driver/Src/stm32f1xx_hal_cortex.o
                0x0000000008003308                HAL_NVIC_SetPriorityGrouping
 .text.HAL_NVIC_SetPriority
                0x000000000800331e       0x38 ./Drivers/STM32F1xx_HAL_Driver/Src/stm32f1xx_hal_cortex.o
                0x000000000800331e                HAL_NVIC_SetPriority
 .text.HAL_NVIC_EnableIRQ
                0x0000000008003356       0x1c ./Drivers/STM32F1xx_HAL_Driver/Src/stm32f1xx_hal_cortex.o
                0x0000000008003356                HAL_NVIC_EnableIRQ
 .text.HAL_SYSTICK_Config
                0x0000000008003372       0x18 ./Drivers/STM32F1xx_HAL_Driver/Src/stm32f1xx_hal_cortex.o
                0x0000000008003372                HAL_SYSTICK_Config
 *fill*         0x000000000800338a        0x2 
 .text.HAL_DMA_Init
                0x000000000800338c       0xb4 ./Drivers/STM32F1xx_HAL_Driver/Src/stm32f1xx_hal_dma.o
                0x000000000800338c                HAL_DMA_Init
 .text.HAL_DMA_Start_IT
                0x0000000008003440       0xbe ./Drivers/STM32F1xx_HAL_Driver/Src/stm32f1xx_hal_dma.o
                0x0000000008003440                HAL_DMA_Start_IT
 .text.HAL_DMA_Abort
                0x00000000080034fe       0x74 ./Drivers/STM32F1xx_HAL_Driver/Src/stm32f1xx_hal_dma.o
                0x00000000080034fe                HAL_DMA_Abort
 *fill*         0x0000000008003572        0x2 
 .text.HAL_DMA_Abort_IT
                0x0000000008003574       0xec ./Drivers/STM32F1xx_HAL_Driver/Src/stm32f1xx_hal_dma.o
                0x0000000008003574                HAL_DMA_Abort_IT
 .text.HAL_DMA_IRQHandler
                0x0000000008003660      0x20c ./Drivers/STM32F1xx_HAL_Driver/Src/stm32f1xx_hal_dma.o
                0x0000000008003660                HAL_DMA_IRQHandler
 .text.DMA_SetConfig
                0x000000000800386c       0x5a ./Drivers/STM32F1xx_HAL_Driver/Src/stm32f1xx_hal_dma.o
 *fill*         0x00000000080038c6        0x2 
 .text.HAL_GPIO_Init
                0x00000000080038c8      0x308 ./Drivers/STM32F1xx_HAL_Driver/Src/stm32f1xx_hal_gpio.o
                0x00000000080038c8                HAL_GPIO_Init
 .text.HAL_GPIO_ReadPin
                0x0000000008003bd0       0x2e ./Drivers/STM32F1xx_HAL_Driver/Src/stm32f1xx_hal_gpio.o
                0x0000000008003bd0                HAL_GPIO_ReadPin
 .text.HAL_GPIO_WritePin
                0x0000000008003bfe       0x30 ./Drivers/STM32F1xx_HAL_Driver/Src/stm32f1xx_hal_gpio.o
                0x0000000008003bfe                HAL_GPIO_WritePin
 *fill*         0x0000000008003c2e        0x2 
 .text.HAL_GPIO_EXTI_IRQHandler
                0x0000000008003c30       0x30 ./Drivers/STM32F1xx_HAL_Driver/Src/stm32f1xx_hal_gpio.o
                0x0000000008003c30                HAL_GPIO_EXTI_IRQHandler
 .text.HAL_RCC_OscConfig
                0x0000000008003c60      0x504 ./Drivers/STM32F1xx_HAL_Driver/Src/stm32f1xx_hal_rcc.o
                0x0000000008003c60                HAL_RCC_OscConfig
 .text.HAL_RCC_ClockConfig
                0x0000000008004164      0x1d4 ./Drivers/STM32F1xx_HAL_Driver/Src/stm32f1xx_hal_rcc.o
                0x0000000008004164                HAL_RCC_ClockConfig
 .text.HAL_RCC_GetSysClockFreq
                0x0000000008004338       0xbc ./Drivers/STM32F1xx_HAL_Driver/Src/stm32f1xx_hal_rcc.o
                0x0000000008004338                HAL_RCC_GetSysClockFreq
 .text.HAL_RCC_GetHCLKFreq
                0x00000000080043f4       0x14 ./Drivers/STM32F1xx_HAL_Driver/Src/stm32f1xx_hal_rcc.o
                0x00000000080043f4                HAL_RCC_GetHCLKFreq
 .text.HAL_RCC_GetPCLK1Freq
                0x0000000008004408       0x28 ./Drivers/STM32F1xx_HAL_Driver/Src/stm32f1xx_hal_rcc.o
                0x0000000008004408                HAL_RCC_GetPCLK1Freq
 .text.HAL_RCC_GetPCLK2Freq
                0x0000000008004430       0x28 ./Drivers/STM32F1xx_HAL_Driver/Src/stm32f1xx_hal_rcc.o
                0x0000000008004430                HAL_RCC_GetPCLK2Freq
 .text.RCC_Delay
                0x0000000008004458       0x3c ./Drivers/STM32F1xx_HAL_Driver/Src/stm32f1xx_hal_rcc.o
 .text.HAL_RCCEx_PeriphCLKConfig
                0x0000000008004494      0x16c ./Drivers/STM32F1xx_HAL_Driver/Src/stm32f1xx_hal_rcc_ex.o
                0x0000000008004494                HAL_RCCEx_PeriphCLKConfig
 .text.HAL_TIM_Base_Init
                0x0000000008004600       0x9e ./Drivers/STM32F1xx_HAL_Driver/Src/stm32f1xx_hal_tim.o
                0x0000000008004600                HAL_TIM_Base_Init
 *fill*         0x000000000800469e        0x2 
 .text.HAL_TIM_Base_Start_IT
                0x00000000080046a0       0xa4 ./Drivers/STM32F1xx_HAL_Driver/Src/stm32f1xx_hal_tim.o
                0x00000000080046a0                HAL_TIM_Base_Start_IT
 .text.HAL_TIM_PWM_Init
                0x0000000008004744       0x9e ./Drivers/STM32F1xx_HAL_Driver/Src/stm32f1xx_hal_tim.o
                0x0000000008004744                HAL_TIM_PWM_Init
 *fill*         0x00000000080047e2        0x2 
 .text.HAL_TIM_PWM_Start
                0x00000000080047e4      0x144 ./Drivers/STM32F1xx_HAL_Driver/Src/stm32f1xx_hal_tim.o
                0x00000000080047e4                HAL_TIM_PWM_Start
 .text.HAL_TIM_IRQHandler
                0x0000000008004928      0x210 ./Drivers/STM32F1xx_HAL_Driver/Src/stm32f1xx_hal_tim.o
                0x0000000008004928                HAL_TIM_IRQHandler
 .text.HAL_TIM_PWM_ConfigChannel
                0x0000000008004b38      0x17c ./Drivers/STM32F1xx_HAL_Driver/Src/stm32f1xx_hal_tim.o
                0x0000000008004b38                HAL_TIM_PWM_ConfigChannel
 .text.HAL_TIM_ConfigClockSource
                0x0000000008004cb4      0x188 ./Drivers/STM32F1xx_HAL_Driver/Src/stm32f1xx_hal_tim.o
                0x0000000008004cb4                HAL_TIM_ConfigClockSource
 .text.HAL_TIM_OC_DelayElapsedCallback
                0x0000000008004e3c       0x12 ./Drivers/STM32F1xx_HAL_Driver/Src/stm32f1xx_hal_tim.o
                0x0000000008004e3c                HAL_TIM_OC_DelayElapsedCallback
 .text.HAL_TIM_IC_CaptureCallback
                0x0000000008004e4e       0x12 ./Drivers/STM32F1xx_HAL_Driver/Src/stm32f1xx_hal_tim.o
                0x0000000008004e4e                HAL_TIM_IC_CaptureCallback
 .text.HAL_TIM_PWM_PulseFinishedCallback
                0x0000000008004e60       0x12 ./Drivers/STM32F1xx_HAL_Driver/Src/stm32f1xx_hal_tim.o
                0x0000000008004e60                HAL_TIM_PWM_PulseFinishedCallback
 .text.HAL_TIM_TriggerCallback
                0x0000000008004e72       0x12 ./Drivers/STM32F1xx_HAL_Driver/Src/stm32f1xx_hal_tim.o
                0x0000000008004e72                HAL_TIM_TriggerCallback
 .text.TIM_Base_SetConfig
                0x0000000008004e84       0xc4 ./Drivers/STM32F1xx_HAL_Driver/Src/stm32f1xx_hal_tim.o
                0x0000000008004e84                TIM_Base_SetConfig
 .text.TIM_OC1_SetConfig
                0x0000000008004f48       0xcc ./Drivers/STM32F1xx_HAL_Driver/Src/stm32f1xx_hal_tim.o
 .text.TIM_OC2_SetConfig
                0x0000000008005014       0xd4 ./Drivers/STM32F1xx_HAL_Driver/Src/stm32f1xx_hal_tim.o
                0x0000000008005014                TIM_OC2_SetConfig
 .text.TIM_OC3_SetConfig
                0x00000000080050e8       0xd4 ./Drivers/STM32F1xx_HAL_Driver/Src/stm32f1xx_hal_tim.o
 .text.TIM_OC4_SetConfig
                0x00000000080051bc       0x9c ./Drivers/STM32F1xx_HAL_Driver/Src/stm32f1xx_hal_tim.o
 .text.TIM_TI1_ConfigInputStage
                0x0000000008005258       0x5c ./Drivers/STM32F1xx_HAL_Driver/Src/stm32f1xx_hal_tim.o
 .text.TIM_TI2_ConfigInputStage
                0x00000000080052b4       0x5e ./Drivers/STM32F1xx_HAL_Driver/Src/stm32f1xx_hal_tim.o
 .text.TIM_ITRx_SetConfig
                0x0000000008005312       0x34 ./Drivers/STM32F1xx_HAL_Driver/Src/stm32f1xx_hal_tim.o
 .text.TIM_ETR_SetConfig
                0x0000000008005346       0x3e ./Drivers/STM32F1xx_HAL_Driver/Src/stm32f1xx_hal_tim.o
                0x0000000008005346                TIM_ETR_SetConfig
 .text.TIM_CCxChannelCmd
                0x0000000008005384       0x48 ./Drivers/STM32F1xx_HAL_Driver/Src/stm32f1xx_hal_tim.o
                0x0000000008005384                TIM_CCxChannelCmd
 .text.HAL_TIMEx_MasterConfigSynchronization
                0x00000000080053cc       0xbc ./Drivers/STM32F1xx_HAL_Driver/Src/stm32f1xx_hal_tim_ex.o
                0x00000000080053cc                HAL_TIMEx_MasterConfigSynchronization
 .text.HAL_TIMEx_CommutCallback
                0x0000000008005488       0x12 ./Drivers/STM32F1xx_HAL_Driver/Src/stm32f1xx_hal_tim_ex.o
                0x0000000008005488                HAL_TIMEx_CommutCallback
 .text.HAL_TIMEx_BreakCallback
                0x000000000800549a       0x12 ./Drivers/STM32F1xx_HAL_Driver/Src/stm32f1xx_hal_tim_ex.o
                0x000000000800549a                HAL_TIMEx_BreakCallback
 .text.HAL_UART_Init
                0x00000000080054ac       0x9a ./Drivers/STM32F1xx_HAL_Driver/Src/stm32f1xx_hal_uart.o
                0x00000000080054ac                HAL_UART_Init
 .text.HAL_UART_Transmit
                0x0000000008005546      0x124 ./Drivers/STM32F1xx_HAL_Driver/Src/stm32f1xx_hal_uart.o
                0x0000000008005546                HAL_UART_Transmit
 .text.HAL_UART_Receive_DMA
                0x000000000800566a       0x60 ./Drivers/STM32F1xx_HAL_Driver/Src/stm32f1xx_hal_uart.o
                0x000000000800566a                HAL_UART_Receive_DMA
 *fill*         0x00000000080056ca        0x2 
 .text.HAL_UART_IRQHandler
                0x00000000080056cc      0x354 ./Drivers/STM32F1xx_HAL_Driver/Src/stm32f1xx_hal_uart.o
                0x00000000080056cc                HAL_UART_IRQHandler
 .text.HAL_UART_TxCpltCallback
                0x0000000008005a20       0x12 ./Drivers/STM32F1xx_HAL_Driver/Src/stm32f1xx_hal_uart.o
                0x0000000008005a20                HAL_UART_TxCpltCallback
 .text.HAL_UART_RxHalfCpltCallback
                0x0000000008005a32       0x12 ./Drivers/STM32F1xx_HAL_Driver/Src/stm32f1xx_hal_uart.o
                0x0000000008005a32                HAL_UART_RxHalfCpltCallback
 .text.HAL_UART_ErrorCallback
                0x0000000008005a44       0x12 ./Drivers/STM32F1xx_HAL_Driver/Src/stm32f1xx_hal_uart.o
                0x0000000008005a44                HAL_UART_ErrorCallback
 .text.HAL_UARTEx_RxEventCallback
                0x0000000008005a56       0x16 ./Drivers/STM32F1xx_HAL_Driver/Src/stm32f1xx_hal_uart.o
                0x0000000008005a56                HAL_UARTEx_RxEventCallback
 .text.UART_DMAReceiveCplt
                0x0000000008005a6c       0x96 ./Drivers/STM32F1xx_HAL_Driver/Src/stm32f1xx_hal_uart.o
 .text.UART_DMARxHalfCplt
                0x0000000008005b02       0x36 ./Drivers/STM32F1xx_HAL_Driver/Src/stm32f1xx_hal_uart.o
 .text.UART_DMAError
                0x0000000008005b38       0x94 ./Drivers/STM32F1xx_HAL_Driver/Src/stm32f1xx_hal_uart.o
 .text.UART_WaitOnFlagUntilTimeout
                0x0000000008005bcc       0x94 ./Drivers/STM32F1xx_HAL_Driver/Src/stm32f1xx_hal_uart.o
 .text.UART_Start_Receive_DMA
                0x0000000008005c60       0xc8 ./Drivers/STM32F1xx_HAL_Driver/Src/stm32f1xx_hal_uart.o
                0x0000000008005c60                UART_Start_Receive_DMA
 .text.UART_EndTxTransfer
                0x0000000008005d28       0x2a ./Drivers/STM32F1xx_HAL_Driver/Src/stm32f1xx_hal_uart.o
 .text.UART_EndRxTransfer
                0x0000000008005d52       0x58 ./Drivers/STM32F1xx_HAL_Driver/Src/stm32f1xx_hal_uart.o
 .text.UART_DMAAbortOnError
                0x0000000008005daa       0x28 ./Drivers/STM32F1xx_HAL_Driver/Src/stm32f1xx_hal_uart.o
 .text.UART_Transmit_IT
                0x0000000008005dd2       0x9e ./Drivers/STM32F1xx_HAL_Driver/Src/stm32f1xx_hal_uart.o
 .text.UART_EndTransmit_IT
                0x0000000008005e70       0x30 ./Drivers/STM32F1xx_HAL_Driver/Src/stm32f1xx_hal_uart.o
 .text.UART_Receive_IT
                0x0000000008005ea0      0x152 ./Drivers/STM32F1xx_HAL_Driver/Src/stm32f1xx_hal_uart.o
 *fill*         0x0000000008005ff2        0x2 
 .text.UART_SetConfig
                0x0000000008005ff4      0x11c ./Drivers/STM32F1xx_HAL_Driver/Src/stm32f1xx_hal_uart.o
 .text.__errno  0x0000000008006110        0xc c:/st/stm32cubeide_1.11.2/stm32cubeide/plugins/com.st.stm32cube.ide.mcu.externaltools.gnu-tools-for-stm32.10.3-2021.10.win32_1.0.100.202210260954/tools/bin/../lib/gcc/arm-none-eabi/10.3.1/../../../../arm-none-eabi/lib/thumb/v7-m/nofp\libc_nano.a(lib_a-errno.o)
                0x0000000008006110                __errno
 .text.__libc_init_array
                0x000000000800611c       0x48 c:/st/stm32cubeide_1.11.2/stm32cubeide/plugins/com.st.stm32cube.ide.mcu.externaltools.gnu-tools-for-stm32.10.3-2021.10.win32_1.0.100.202210260954/tools/bin/../lib/gcc/arm-none-eabi/10.3.1/../../../../arm-none-eabi/lib/thumb/v7-m/nofp\libc_nano.a(lib_a-init.o)
                0x000000000800611c                __libc_init_array
 .text.memset   0x0000000008006164       0x10 c:/st/stm32cubeide_1.11.2/stm32cubeide/plugins/com.st.stm32cube.ide.mcu.externaltools.gnu-tools-for-stm32.10.3-2021.10.win32_1.0.100.202210260954/tools/bin/../lib/gcc/arm-none-eabi/10.3.1/../../../../arm-none-eabi/lib/thumb/v7-m/nofp\libc_nano.a(lib_a-memset.o)
                0x0000000008006164                memset
 .text.sprintf  0x0000000008006174       0x40 c:/st/stm32cubeide_1.11.2/stm32cubeide/plugins/com.st.stm32cube.ide.mcu.externaltools.gnu-tools-for-stm32.10.3-2021.10.win32_1.0.100.202210260954/tools/bin/../lib/gcc/arm-none-eabi/10.3.1/../../../../arm-none-eabi/lib/thumb/v7-m/nofp\libc_nano.a(lib_a-sprintf.o)
                0x0000000008006174                siprintf
                0x0000000008006174                sprintf
 .text.__ssputs_r
                0x00000000080061b4       0xb6 c:/st/stm32cubeide_1.11.2/stm32cubeide/plugins/com.st.stm32cube.ide.mcu.externaltools.gnu-tools-for-stm32.10.3-2021.10.win32_1.0.100.202210260954/tools/bin/../lib/gcc/arm-none-eabi/10.3.1/../../../../arm-none-eabi/lib/thumb/v7-m/nofp\libc_nano.a(lib_a-nano-svfprintf.o)
                0x00000000080061b4                __ssputs_r
 *fill*         0x000000000800626a        0x2 
 .text._svfprintf_r
                0x000000000800626c      0x200 c:/st/stm32cubeide_1.11.2/stm32cubeide/plugins/com.st.stm32cube.ide.mcu.externaltools.gnu-tools-for-stm32.10.3-2021.10.win32_1.0.100.202210260954/tools/bin/../lib/gcc/arm-none-eabi/10.3.1/../../../../arm-none-eabi/lib/thumb/v7-m/nofp\libc_nano.a(lib_a-nano-svfprintf.o)
                0x000000000800626c                _svfiprintf_r
                0x000000000800626c                _svfprintf_r
 .text._printf_common
                0x000000000800646c       0xde c:/st/stm32cubeide_1.11.2/stm32cubeide/plugins/com.st.stm32cube.ide.mcu.externaltools.gnu-tools-for-stm32.10.3-2021.10.win32_1.0.100.202210260954/tools/bin/../lib/gcc/arm-none-eabi/10.3.1/../../../../arm-none-eabi/lib/thumb/v7-m/nofp\libc_nano.a(lib_a-nano-vfprintf_i.o)
                0x000000000800646c                _printf_common
 *fill*         0x000000000800654a        0x2 
 .text._printf_i
                0x000000000800654c      0x24c c:/st/stm32cubeide_1.11.2/stm32cubeide/plugins/com.st.stm32cube.ide.mcu.externaltools.gnu-tools-for-stm32.10.3-2021.10.win32_1.0.100.202210260954/tools/bin/../lib/gcc/arm-none-eabi/10.3.1/../../../../arm-none-eabi/lib/thumb/v7-m/nofp\libc_nano.a(lib_a-nano-vfprintf_i.o)
                0x000000000800654c                _printf_i
 .text.memchr   0x0000000008006798       0x1c c:/st/stm32cubeide_1.11.2/stm32cubeide/plugins/com.st.stm32cube.ide.mcu.externaltools.gnu-tools-for-stm32.10.3-2021.10.win32_1.0.100.202210260954/tools/bin/../lib/gcc/arm-none-eabi/10.3.1/../../../../arm-none-eabi/lib/thumb/v7-m/nofp\libc_nano.a(lib_a-memchr-stub.o)
                0x0000000008006798                memchr
 .text.memcpy   0x00000000080067b4       0x1c c:/st/stm32cubeide_1.11.2/stm32cubeide/plugins/com.st.stm32cube.ide.mcu.externaltools.gnu-tools-for-stm32.10.3-2021.10.win32_1.0.100.202210260954/tools/bin/../lib/gcc/arm-none-eabi/10.3.1/../../../../arm-none-eabi/lib/thumb/v7-m/nofp\libc_nano.a(lib_a-memcpy-stub.o)
                0x00000000080067b4                memcpy
 .text.memmove  0x00000000080067d0       0x34 c:/st/stm32cubeide_1.11.2/stm32cubeide/plugins/com.st.stm32cube.ide.mcu.externaltools.gnu-tools-for-stm32.10.3-2021.10.win32_1.0.100.202210260954/tools/bin/../lib/gcc/arm-none-eabi/10.3.1/../../../../arm-none-eabi/lib/thumb/v7-m/nofp\libc_nano.a(lib_a-memmove.o)
                0x00000000080067d0                memmove
 .text._free_r  0x0000000008006804       0x90 c:/st/stm32cubeide_1.11.2/stm32cubeide/plugins/com.st.stm32cube.ide.mcu.externaltools.gnu-tools-for-stm32.10.3-2021.10.win32_1.0.100.202210260954/tools/bin/../lib/gcc/arm-none-eabi/10.3.1/../../../../arm-none-eabi/lib/thumb/v7-m/nofp\libc_nano.a(lib_a-nano-freer.o)
                0x0000000008006804                _free_r
 .text.sbrk_aligned
                0x0000000008006894       0x40 c:/st/stm32cubeide_1.11.2/stm32cubeide/plugins/com.st.stm32cube.ide.mcu.externaltools.gnu-tools-for-stm32.10.3-2021.10.win32_1.0.100.202210260954/tools/bin/../lib/gcc/arm-none-eabi/10.3.1/../../../../arm-none-eabi/lib/thumb/v7-m/nofp\libc_nano.a(lib_a-nano-mallocr.o)
 .text._malloc_r
                0x00000000080068d4       0xe8 c:/st/stm32cubeide_1.11.2/stm32cubeide/plugins/com.st.stm32cube.ide.mcu.externaltools.gnu-tools-for-stm32.10.3-2021.10.win32_1.0.100.202210260954/tools/bin/../lib/gcc/arm-none-eabi/10.3.1/../../../../arm-none-eabi/lib/thumb/v7-m/nofp\libc_nano.a(lib_a-nano-mallocr.o)
                0x00000000080068d4                _malloc_r
 .text._realloc_r
                0x00000000080069bc       0x5e c:/st/stm32cubeide_1.11.2/stm32cubeide/plugins/com.st.stm32cube.ide.mcu.externaltools.gnu-tools-for-stm32.10.3-2021.10.win32_1.0.100.202210260954/tools/bin/../lib/gcc/arm-none-eabi/10.3.1/../../../../arm-none-eabi/lib/thumb/v7-m/nofp\libc_nano.a(lib_a-nano-reallocr.o)
                0x00000000080069bc                _realloc_r
 *fill*         0x0000000008006a1a        0x2 
 .text._sbrk_r  0x0000000008006a1c       0x20 c:/st/stm32cubeide_1.11.2/stm32cubeide/plugins/com.st.stm32cube.ide.mcu.externaltools.gnu-tools-for-stm32.10.3-2021.10.win32_1.0.100.202210260954/tools/bin/../lib/gcc/arm-none-eabi/10.3.1/../../../../arm-none-eabi/lib/thumb/v7-m/nofp\libc_nano.a(lib_a-sbrkr.o)
                0x0000000008006a1c                _sbrk_r
 .text.__malloc_lock
                0x0000000008006a3c        0xc c:/st/stm32cubeide_1.11.2/stm32cubeide/plugins/com.st.stm32cube.ide.mcu.externaltools.gnu-tools-for-stm32.10.3-2021.10.win32_1.0.100.202210260954/tools/bin/../lib/gcc/arm-none-eabi/10.3.1/../../../../arm-none-eabi/lib/thumb/v7-m/nofp\libc_nano.a(lib_a-mlock.o)
                0x0000000008006a3c                __malloc_lock
 .text.__malloc_unlock
                0x0000000008006a48        0xc c:/st/stm32cubeide_1.11.2/stm32cubeide/plugins/com.st.stm32cube.ide.mcu.externaltools.gnu-tools-for-stm32.10.3-2021.10.win32_1.0.100.202210260954/tools/bin/../lib/gcc/arm-none-eabi/10.3.1/../../../../arm-none-eabi/lib/thumb/v7-m/nofp\libc_nano.a(lib_a-mlock.o)
                0x0000000008006a48                __malloc_unlock
 .text._malloc_usable_size_r
                0x0000000008006a54       0x10 c:/st/stm32cubeide_1.11.2/stm32cubeide/plugins/com.st.stm32cube.ide.mcu.externaltools.gnu-tools-for-stm32.10.3-2021.10.win32_1.0.100.202210260954/tools/bin/../lib/gcc/arm-none-eabi/10.3.1/../../../../arm-none-eabi/lib/thumb/v7-m/nofp\libc_nano.a(lib_a-nano-msizer.o)
                0x0000000008006a54                _malloc_usable_size_r
 .text.__retarget_lock_acquire_recursive
                0x0000000008006a64        0x2 c:/st/stm32cubeide_1.11.2/stm32cubeide/plugins/com.st.stm32cube.ide.mcu.externaltools.gnu-tools-for-stm32.10.3-2021.10.win32_1.0.100.202210260954/tools/bin/../lib/gcc/arm-none-eabi/10.3.1/../../../../arm-none-eabi/lib/thumb/v7-m/nofp\libc_nano.a(lib_a-lock.o)
                0x0000000008006a64                __retarget_lock_acquire_recursive
 .text.__retarget_lock_release_recursive
                0x0000000008006a66        0x2 c:/st/stm32cubeide_1.11.2/stm32cubeide/plugins/com.st.stm32cube.ide.mcu.externaltools.gnu-tools-for-stm32.10.3-2021.10.win32_1.0.100.202210260954/tools/bin/../lib/gcc/arm-none-eabi/10.3.1/../../../../arm-none-eabi/lib/thumb/v7-m/nofp\libc_nano.a(lib_a-lock.o)
                0x0000000008006a66                __retarget_lock_release_recursive
 *(.glue_7)
 .glue_7        0x0000000008006a68        0x0 linker stubs
 *(.glue_7t)
 .glue_7t       0x0000000008006a68        0x0 linker stubs
 *(.eh_frame)
 .eh_frame      0x0000000008006a68        0x0 c:/st/stm32cubeide_1.11.2/stm32cubeide/plugins/com.st.stm32cube.ide.mcu.externaltools.gnu-tools-for-stm32.10.3-2021.10.win32_1.0.100.202210260954/tools/bin/../lib/gcc/arm-none-eabi/10.3.1/thumb/v7-m/nofp/crtbegin.o
 *(.init)
 .init          0x0000000008006a68        0x4 c:/st/stm32cubeide_1.11.2/stm32cubeide/plugins/com.st.stm32cube.ide.mcu.externaltools.gnu-tools-for-stm32.10.3-2021.10.win32_1.0.100.202210260954/tools/bin/../lib/gcc/arm-none-eabi/10.3.1/thumb/v7-m/nofp/crti.o
                0x0000000008006a68                _init
 .init          0x0000000008006a6c        0x8 c:/st/stm32cubeide_1.11.2/stm32cubeide/plugins/com.st.stm32cube.ide.mcu.externaltools.gnu-tools-for-stm32.10.3-2021.10.win32_1.0.100.202210260954/tools/bin/../lib/gcc/arm-none-eabi/10.3.1/thumb/v7-m/nofp/crtn.o
 *(.fini)
 .fini          0x0000000008006a74        0x4 c:/st/stm32cubeide_1.11.2/stm32cubeide/plugins/com.st.stm32cube.ide.mcu.externaltools.gnu-tools-for-stm32.10.3-2021.10.win32_1.0.100.202210260954/tools/bin/../lib/gcc/arm-none-eabi/10.3.1/thumb/v7-m/nofp/crti.o
                0x0000000008006a74                _fini
 .fini          0x0000000008006a78        0x8 c:/st/stm32cubeide_1.11.2/stm32cubeide/plugins/com.st.stm32cube.ide.mcu.externaltools.gnu-tools-for-stm32.10.3-2021.10.win32_1.0.100.202210260954/tools/bin/../lib/gcc/arm-none-eabi/10.3.1/thumb/v7-m/nofp/crtn.o
                0x0000000008006a80                . = ALIGN (0x4)
                0x0000000008006a80                _etext = .

.vfp11_veneer   0x0000000008006a80        0x0
 .vfp11_veneer  0x0000000008006a80        0x0 linker stubs

.v4_bx          0x0000000008006a80        0x0
 .v4_bx         0x0000000008006a80        0x0 linker stubs

.iplt           0x0000000008006a80        0x0
 .iplt          0x0000000008006a80        0x0 c:/st/stm32cubeide_1.11.2/stm32cubeide/plugins/com.st.stm32cube.ide.mcu.externaltools.gnu-tools-for-stm32.10.3-2021.10.win32_1.0.100.202210260954/tools/bin/../lib/gcc/arm-none-eabi/10.3.1/thumb/v7-m/nofp/crtbegin.o

.rodata         0x0000000008006a80      0x13c
                0x0000000008006a80                . = ALIGN (0x4)
 *(.rodata)
 .rodata        0x0000000008006a80       0x5f ./Core/Src/main.o
 *fill*         0x0000000008006adf        0x1 
 .rodata        0x0000000008006ae0       0x10 ./Drivers/STM32F1xx_HAL_Driver/Src/stm32f1xx_hal_rcc.o
 *(.rodata*)
 .rodata.SERVO_CfgParam
                0x0000000008006af0       0x80 ./Core/ECUAL/SERVO/SERVO_cfg.o
                0x0000000008006af0                SERVO_CfgParam
 .rodata.AHBPrescTable
                0x0000000008006b70       0x10 ./Core/Src/system_stm32f1xx.o
                0x0000000008006b70                AHBPrescTable
 .rodata.APBPrescTable
                0x0000000008006b80        0x8 ./Core/Src/system_stm32f1xx.o
                0x0000000008006b80                APBPrescTable
 .rodata._svfprintf_r.str1.1
                0x0000000008006b88       0x11 c:/st/stm32cubeide_1.11.2/stm32cubeide/plugins/com.st.stm32cube.ide.mcu.externaltools.gnu-tools-for-stm32.10.3-2021.10.win32_1.0.100.202210260954/tools/bin/../lib/gcc/arm-none-eabi/10.3.1/../../../../arm-none-eabi/lib/thumb/v7-m/nofp\libc_nano.a(lib_a-nano-svfprintf.o)
 .rodata._printf_i.str1.1
                0x0000000008006b99       0x22 c:/st/stm32cubeide_1.11.2/stm32cubeide/plugins/com.st.stm32cube.ide.mcu.externaltools.gnu-tools-for-stm32.10.3-2021.10.win32_1.0.100.202210260954/tools/bin/../lib/gcc/arm-none-eabi/10.3.1/../../../../arm-none-eabi/lib/thumb/v7-m/nofp\libc_nano.a(lib_a-nano-vfprintf_i.o)
                0x0000000008006bbc                . = ALIGN (0x4)
 *fill*         0x0000000008006bbb        0x1 

.rel.dyn        0x0000000008006bbc        0x0
 .rel.iplt      0x0000000008006bbc        0x0 c:/st/stm32cubeide_1.11.2/stm32cubeide/plugins/com.st.stm32cube.ide.mcu.externaltools.gnu-tools-for-stm32.10.3-2021.10.win32_1.0.100.202210260954/tools/bin/../lib/gcc/arm-none-eabi/10.3.1/thumb/v7-m/nofp/crtbegin.o

.ARM.extab      0x0000000008006bbc        0x0
                0x0000000008006bbc                . = ALIGN (0x4)
 *(.ARM.extab* .gnu.linkonce.armextab.*)
                0x0000000008006bbc                . = ALIGN (0x4)

.ARM            0x0000000008006bbc        0x0
                0x0000000008006bbc                . = ALIGN (0x4)
                0x0000000008006bbc                __exidx_start = .
 *(.ARM.exidx*)
                0x0000000008006bbc                __exidx_end = .
                0x0000000008006bbc                . = ALIGN (0x4)

.preinit_array  0x0000000008006bbc        0x0
                0x0000000008006bbc                . = ALIGN (0x4)
                0x0000000008006bbc                PROVIDE (__preinit_array_start = .)
 *(.preinit_array*)
                0x0000000008006bbc                PROVIDE (__preinit_array_end = .)
                0x0000000008006bbc                . = ALIGN (0x4)

.init_array     0x0000000008006bbc        0x4
                0x0000000008006bbc                . = ALIGN (0x4)
                0x0000000008006bbc                PROVIDE (__init_array_start = .)
 *(SORT_BY_NAME(.init_array.*))
 *(.init_array*)
 .init_array    0x0000000008006bbc        0x4 c:/st/stm32cubeide_1.11.2/stm32cubeide/plugins/com.st.stm32cube.ide.mcu.externaltools.gnu-tools-for-stm32.10.3-2021.10.win32_1.0.100.202210260954/tools/bin/../lib/gcc/arm-none-eabi/10.3.1/thumb/v7-m/nofp/crtbegin.o
                0x0000000008006bc0                PROVIDE (__init_array_end = .)
                0x0000000008006bc0                . = ALIGN (0x4)

.fini_array     0x0000000008006bc0        0x4
                0x0000000008006bc0                . = ALIGN (0x4)
                [!provide]                        PROVIDE (__fini_array_start = .)
 *(SORT_BY_NAME(.fini_array.*))
 *(.fini_array*)
 .fini_array    0x0000000008006bc0        0x4 c:/st/stm32cubeide_1.11.2/stm32cubeide/plugins/com.st.stm32cube.ide.mcu.externaltools.gnu-tools-for-stm32.10.3-2021.10.win32_1.0.100.202210260954/tools/bin/../lib/gcc/arm-none-eabi/10.3.1/thumb/v7-m/nofp/crtbegin.o
                [!provide]                        PROVIDE (__fini_array_end = .)
                0x0000000008006bc4                . = ALIGN (0x4)
                0x0000000008006bc4                _sidata = LOADADDR (.data)

.data           0x0000000020000000       0x78 load address 0x0000000008006bc4
                0x0000000020000000                . = ALIGN (0x4)
                0x0000000020000000                _sdata = .
 *(.data)
 *(.data*)
 .data.time     0x0000000020000000        0x4 ./Core/Src/main.o
                0x0000000020000000                time
 .data.del      0x0000000020000004        0x4 ./Core/Src/main.o
                0x0000000020000004                del
 .data.SystemCoreClock
                0x0000000020000008        0x4 ./Core/Src/system_stm32f1xx.o
                0x0000000020000008                SystemCoreClock
 .data.uwTickPrio
                0x000000002000000c        0x4 ./Drivers/STM32F1xx_HAL_Driver/Src/stm32f1xx_hal.o
                0x000000002000000c                uwTickPrio
 .data.uwTickFreq
                0x0000000020000010        0x1 ./Drivers/STM32F1xx_HAL_Driver/Src/stm32f1xx_hal.o
                0x0000000020000010                uwTickFreq
 *fill*         0x0000000020000011        0x3 
 .data._impure_ptr
                0x0000000020000014        0x4 c:/st/stm32cubeide_1.11.2/stm32cubeide/plugins/com.st.stm32cube.ide.mcu.externaltools.gnu-tools-for-stm32.10.3-2021.10.win32_1.0.100.202210260954/tools/bin/../lib/gcc/arm-none-eabi/10.3.1/../../../../arm-none-eabi/lib/thumb/v7-m/nofp\libc_nano.a(lib_a-impure.o)
                0x0000000020000014                _impure_ptr
 .data.impure_data
                0x0000000020000018       0x60 c:/st/stm32cubeide_1.11.2/stm32cubeide/plugins/com.st.stm32cube.ide.mcu.externaltools.gnu-tools-for-stm32.10.3-2021.10.win32_1.0.100.202210260954/tools/bin/../lib/gcc/arm-none-eabi/10.3.1/../../../../arm-none-eabi/lib/thumb/v7-m/nofp\libc_nano.a(lib_a-impure.o)
 *(.RamFunc)
 *(.RamFunc*)
                0x0000000020000078                . = ALIGN (0x4)
                0x0000000020000078                _edata = .

.igot.plt       0x0000000020000078        0x0 load address 0x0000000008006c3c
 .igot.plt      0x0000000020000078        0x0 c:/st/stm32cubeide_1.11.2/stm32cubeide/plugins/com.st.stm32cube.ide.mcu.externaltools.gnu-tools-for-stm32.10.3-2021.10.win32_1.0.100.202210260954/tools/bin/../lib/gcc/arm-none-eabi/10.3.1/thumb/v7-m/nofp/crtbegin.o
                0x0000000020000078                . = ALIGN (0x4)

.bss            0x0000000020000078     0x109c load address 0x0000000008006c3c
                0x0000000020000078                _sbss = .
                0x0000000020000078                __bss_start__ = _sbss
 *(.bss)
 .bss           0x0000000020000078       0x1c c:/st/stm32cubeide_1.11.2/stm32cubeide/plugins/com.st.stm32cube.ide.mcu.externaltools.gnu-tools-for-stm32.10.3-2021.10.win32_1.0.100.202210260954/tools/bin/../lib/gcc/arm-none-eabi/10.3.1/thumb/v7-m/nofp/crtbegin.o
 *(.bss*)
 .bss.gs_SERVO_info
                0x0000000020000094       0x10 ./Core/ECUAL/SERVO/SERVO.o
 .bss.Light     0x00000000200000a4        0x2 ./Core/Src/main.o
                0x00000000200000a4                Light
 *fill*         0x00000000200000a6        0x2 
 .bss.value     0x00000000200000a8        0x8 ./Core/Src/main.o
                0x00000000200000a8                value
 .bss.rx        0x00000000200000b0        0x1 ./Core/Src/main.o
                0x00000000200000b0                rx
 .bss.status    0x00000000200000b1        0x1 ./Core/Src/main.o
                0x00000000200000b1                status
 .bss.status_ack
                0x00000000200000b2        0x1 ./Core/Src/main.o
                0x00000000200000b2                status_ack
 .bss.status_servo
                0x00000000200000b3        0x1 ./Core/Src/main.o
                0x00000000200000b3                status_servo
 .bss.string    0x00000000200000b4       0x14 ./Core/Src/main.o
                0x00000000200000b4                string
 .bss.couter    0x00000000200000c8        0x1 ./Core/Src/main.o
                0x00000000200000c8                couter
 .bss.precouter
                0x00000000200000c9        0x1 ./Core/Src/main.o
                0x00000000200000c9                precouter
 *fill*         0x00000000200000ca        0x2 
 .bss.previousMillis3
                0x00000000200000cc        0x4 ./Core/Src/main.o
                0x00000000200000cc                previousMillis3
 .bss.previousMicros
                0x00000000200000d0        0x4 ./Core/Src/main.o
                0x00000000200000d0                previousMicros
 .bss.currentMillis
                0x00000000200000d4        0x4 ./Core/Src/main.o
                0x00000000200000d4                currentMillis
 .bss.currentMicros
                0x00000000200000d8        0x4 ./Core/Src/main.o
                0x00000000200000d8                currentMicros
 .bss.arrayStep
                0x00000000200000dc        0x4 ./Core/Src/main.o
                0x00000000200000dc                arrayStep
 .bss.arrayMax  0x00000000200000e0        0x4 ./Core/Src/main.o
                0x00000000200000e0                arrayMax
 .bss.countverz
                0x00000000200000e4        0x4 ./Core/Src/main.o
                0x00000000200000e4                countverz
 .bss.Taster    0x00000000200000e8        0x4 ./Core/Src/main.o
                0x00000000200000e8                Taster
 .bss.stepsMax  0x00000000200000ec        0x4 ./Core/Src/main.o
                0x00000000200000ec                stepsMax
 .bss.steps     0x00000000200000f0        0x4 ./Core/Src/main.o
                0x00000000200000f0                steps
 .bss.dif       0x00000000200000f4       0x10 ./Core/Src/main.o
                0x00000000200000f4                dif
 .bss.sol       0x0000000020000104       0x10 ./Core/Src/main.o
                0x0000000020000104                sol
 .bss.dir       0x0000000020000114       0x10 ./Core/Src/main.o
                0x0000000020000114                dir
 .bss.joint0    0x0000000020000124      0x2d0 ./Core/Src/main.o
                0x0000000020000124                joint0
 .bss.joint1    0x00000000200003f4      0x2d0 ./Core/Src/main.o
                0x00000000200003f4                joint1
 .bss.joint2    0x00000000200006c4      0x2d0 ./Core/Src/main.o
                0x00000000200006c4                joint2
 .bss.joint3    0x0000000020000994      0x2d0 ./Core/Src/main.o
                0x0000000020000994                joint3
 .bss.playmode  0x0000000020000c64        0x1 ./Core/Src/main.o
                0x0000000020000c64                playmode
 .bss.Step      0x0000000020000c65        0x1 ./Core/Src/main.o
                0x0000000020000c65                Step
 *fill*         0x0000000020000c66        0x2 
 .bss.Min_Pulse
                0x0000000020000c68        0x8 ./Core/Src/main.o
                0x0000000020000c68                Min_Pulse
 .bss.Max_Pulse
                0x0000000020000c70        0x8 ./Core/Src/main.o
                0x0000000020000c70                Max_Pulse
 .bss.temp      0x0000000020000c78       0x10 ./Core/Src/main.o
                0x0000000020000c78                temp
 .bss.Servo_Pulse
                0x0000000020000c88        0x8 ./Core/Src/main.o
                0x0000000020000c88                Servo_Pulse
 .bss.hadc1     0x0000000020000c90       0x30 ./Core/Src/main.o
                0x0000000020000c90                hadc1
 .bss.hdma_adc1
                0x0000000020000cc0       0x44 ./Core/Src/main.o
                0x0000000020000cc0                hdma_adc1
 .bss.htim2     0x0000000020000d04       0x48 ./Core/Src/main.o
                0x0000000020000d04                htim2
 .bss.huart1    0x0000000020000d4c       0x44 ./Core/Src/main.o
                0x0000000020000d4c                huart1
 .bss.hdma_usart1_rx
                0x0000000020000d90       0x44 ./Core/Src/main.o
                0x0000000020000d90                hdma_usart1_rx
 .bss.cou       0x0000000020000dd4        0x4 ./Core/Src/main.o
                0x0000000020000dd4                cou
 .bss.SCH_tasks_G
                0x0000000020000dd8      0x320 ./Core/Src/scheduler.o
                0x0000000020000dd8                SCH_tasks_G
 .bss.current_index_task
                0x00000000200010f8        0x1 ./Core/Src/scheduler.o
                0x00000000200010f8                current_index_task
 *fill*         0x00000000200010f9        0x3 
 .bss.__sbrk_heap_end
                0x00000000200010fc        0x4 ./Core/Src/sysmem.o
 .bss.uwTick    0x0000000020001100        0x4 ./Drivers/STM32F1xx_HAL_Driver/Src/stm32f1xx_hal.o
                0x0000000020001100                uwTick
 .bss.__malloc_free_list
                0x0000000020001104        0x4 c:/st/stm32cubeide_1.11.2/stm32cubeide/plugins/com.st.stm32cube.ide.mcu.externaltools.gnu-tools-for-stm32.10.3-2021.10.win32_1.0.100.202210260954/tools/bin/../lib/gcc/arm-none-eabi/10.3.1/../../../../arm-none-eabi/lib/thumb/v7-m/nofp\libc_nano.a(lib_a-nano-mallocr.o)
                0x0000000020001104                __malloc_free_list
 .bss.__malloc_sbrk_start
                0x0000000020001108        0x4 c:/st/stm32cubeide_1.11.2/stm32cubeide/plugins/com.st.stm32cube.ide.mcu.externaltools.gnu-tools-for-stm32.10.3-2021.10.win32_1.0.100.202210260954/tools/bin/../lib/gcc/arm-none-eabi/10.3.1/../../../../arm-none-eabi/lib/thumb/v7-m/nofp\libc_nano.a(lib_a-nano-mallocr.o)
                0x0000000020001108                __malloc_sbrk_start
 .bss.errno     0x000000002000110c        0x4 c:/st/stm32cubeide_1.11.2/stm32cubeide/plugins/com.st.stm32cube.ide.mcu.externaltools.gnu-tools-for-stm32.10.3-2021.10.win32_1.0.100.202210260954/tools/bin/../lib/gcc/arm-none-eabi/10.3.1/../../../../arm-none-eabi/lib/thumb/v7-m/nofp\libc_nano.a(lib_a-reent.o)
                0x000000002000110c                errno
 .bss.__lock___malloc_recursive_mutex
                0x0000000020001110        0x1 c:/st/stm32cubeide_1.11.2/stm32cubeide/plugins/com.st.stm32cube.ide.mcu.externaltools.gnu-tools-for-stm32.10.3-2021.10.win32_1.0.100.202210260954/tools/bin/../lib/gcc/arm-none-eabi/10.3.1/../../../../arm-none-eabi/lib/thumb/v7-m/nofp\libc_nano.a(lib_a-lock.o)
                0x0000000020001110                __lock___malloc_recursive_mutex
 *(COMMON)
                0x0000000020001114                . = ALIGN (0x4)
 *fill*         0x0000000020001111        0x3 
                0x0000000020001114                _ebss = .
                0x0000000020001114                __bss_end__ = _ebss

._user_heap_stack
                0x0000000020001114      0x604 load address 0x0000000008006c3c
                0x0000000020001118                . = ALIGN (0x8)
 *fill*         0x0000000020001114        0x4 
                [!provide]                        PROVIDE (end = .)
                0x0000000020001118                PROVIDE (_end = .)
                0x0000000020001318                . = (. + _Min_Heap_Size)
 *fill*         0x0000000020001118      0x200 
                0x0000000020001718                . = (. + _Min_Stack_Size)
 *fill*         0x0000000020001318      0x400 
                0x0000000020001718                . = ALIGN (0x8)

/DISCARD/
 libc.a(*)
 libm.a(*)
 libgcc.a(*)

.ARM.attributes
                0x0000000000000000       0x29
 *(.ARM.attributes)
 .ARM.attributes
                0x0000000000000000       0x1d c:/st/stm32cubeide_1.11.2/stm32cubeide/plugins/com.st.stm32cube.ide.mcu.externaltools.gnu-tools-for-stm32.10.3-2021.10.win32_1.0.100.202210260954/tools/bin/../lib/gcc/arm-none-eabi/10.3.1/thumb/v7-m/nofp/crti.o
 .ARM.attributes
                0x000000000000001d       0x2d c:/st/stm32cubeide_1.11.2/stm32cubeide/plugins/com.st.stm32cube.ide.mcu.externaltools.gnu-tools-for-stm32.10.3-2021.10.win32_1.0.100.202210260954/tools/bin/../lib/gcc/arm-none-eabi/10.3.1/thumb/v7-m/nofp/crtbegin.o
 .ARM.attributes
                0x000000000000004a       0x2d ./Core/ECUAL/SERVO/SERVO.o
 .ARM.attributes
                0x0000000000000077       0x2d ./Core/ECUAL/SERVO/SERVO_cfg.o
 .ARM.attributes
                0x00000000000000a4       0x2d ./Core/Src/main.o
 .ARM.attributes
                0x00000000000000d1       0x2d ./Core/Src/scheduler.o
 .ARM.attributes
                0x00000000000000fe       0x2d ./Core/Src/stm32f1xx_hal_msp.o
 .ARM.attributes
                0x000000000000012b       0x2d ./Core/Src/stm32f1xx_it.o
 .ARM.attributes
                0x0000000000000158       0x2d ./Core/Src/sysmem.o
 .ARM.attributes
                0x0000000000000185       0x2d ./Core/Src/system_stm32f1xx.o
 .ARM.attributes
                0x00000000000001b2       0x21 ./Core/Startup/startup_stm32f103rbtx.o
 .ARM.attributes
                0x00000000000001d3       0x2d ./Core/util/DWT_Delay.o
 .ARM.attributes
                0x0000000000000200       0x2d ./Drivers/STM32F1xx_HAL_Driver/Src/stm32f1xx_hal.o
 .ARM.attributes
                0x000000000000022d       0x2d ./Drivers/STM32F1xx_HAL_Driver/Src/stm32f1xx_hal_adc.o
 .ARM.attributes
                0x000000000000025a       0x2d ./Drivers/STM32F1xx_HAL_Driver/Src/stm32f1xx_hal_cortex.o
 .ARM.attributes
                0x0000000000000287       0x2d ./Drivers/STM32F1xx_HAL_Driver/Src/stm32f1xx_hal_dma.o
 .ARM.attributes
                0x00000000000002b4       0x2d ./Drivers/STM32F1xx_HAL_Driver/Src/stm32f1xx_hal_gpio.o
 .ARM.attributes
                0x00000000000002e1       0x2d ./Drivers/STM32F1xx_HAL_Driver/Src/stm32f1xx_hal_rcc.o
 .ARM.attributes
                0x000000000000030e       0x2d ./Drivers/STM32F1xx_HAL_Driver/Src/stm32f1xx_hal_rcc_ex.o
 .ARM.attributes
                0x000000000000033b       0x2d ./Drivers/STM32F1xx_HAL_Driver/Src/stm32f1xx_hal_tim.o
 .ARM.attributes
                0x0000000000000368       0x2d ./Drivers/STM32F1xx_HAL_Driver/Src/stm32f1xx_hal_tim_ex.o
 .ARM.attributes
                0x0000000000000395       0x2d ./Drivers/STM32F1xx_HAL_Driver/Src/stm32f1xx_hal_uart.o
 .ARM.attributes
                0x00000000000003c2       0x2d c:/st/stm32cubeide_1.11.2/stm32cubeide/plugins/com.st.stm32cube.ide.mcu.externaltools.gnu-tools-for-stm32.10.3-2021.10.win32_1.0.100.202210260954/tools/bin/../lib/gcc/arm-none-eabi/10.3.1/../../../../arm-none-eabi/lib/thumb/v7-m/nofp\libc_nano.a(lib_a-errno.o)
 .ARM.attributes
                0x00000000000003ef       0x2d c:/st/stm32cubeide_1.11.2/stm32cubeide/plugins/com.st.stm32cube.ide.mcu.externaltools.gnu-tools-for-stm32.10.3-2021.10.win32_1.0.100.202210260954/tools/bin/../lib/gcc/arm-none-eabi/10.3.1/../../../../arm-none-eabi/lib/thumb/v7-m/nofp\libc_nano.a(lib_a-impure.o)
 .ARM.attributes
                0x000000000000041c       0x2d c:/st/stm32cubeide_1.11.2/stm32cubeide/plugins/com.st.stm32cube.ide.mcu.externaltools.gnu-tools-for-stm32.10.3-2021.10.win32_1.0.100.202210260954/tools/bin/../lib/gcc/arm-none-eabi/10.3.1/../../../../arm-none-eabi/lib/thumb/v7-m/nofp\libc_nano.a(lib_a-init.o)
 .ARM.attributes
                0x0000000000000449       0x2d c:/st/stm32cubeide_1.11.2/stm32cubeide/plugins/com.st.stm32cube.ide.mcu.externaltools.gnu-tools-for-stm32.10.3-2021.10.win32_1.0.100.202210260954/tools/bin/../lib/gcc/arm-none-eabi/10.3.1/../../../../arm-none-eabi/lib/thumb/v7-m/nofp\libc_nano.a(lib_a-memset.o)
 .ARM.attributes
                0x0000000000000476       0x2d c:/st/stm32cubeide_1.11.2/stm32cubeide/plugins/com.st.stm32cube.ide.mcu.externaltools.gnu-tools-for-stm32.10.3-2021.10.win32_1.0.100.202210260954/tools/bin/../lib/gcc/arm-none-eabi/10.3.1/../../../../arm-none-eabi/lib/thumb/v7-m/nofp\libc_nano.a(lib_a-sprintf.o)
 .ARM.attributes
                0x00000000000004a3       0x17 c:/st/stm32cubeide_1.11.2/stm32cubeide/plugins/com.st.stm32cube.ide.mcu.externaltools.gnu-tools-for-stm32.10.3-2021.10.win32_1.0.100.202210260954/tools/bin/../lib/gcc/arm-none-eabi/10.3.1/../../../../arm-none-eabi/lib/thumb/v7-m/nofp\libc_nano.a(lib_a-strlen.o)
 .ARM.attributes
                0x00000000000004ba       0x2d c:/st/stm32cubeide_1.11.2/stm32cubeide/plugins/com.st.stm32cube.ide.mcu.externaltools.gnu-tools-for-stm32.10.3-2021.10.win32_1.0.100.202210260954/tools/bin/../lib/gcc/arm-none-eabi/10.3.1/../../../../arm-none-eabi/lib/thumb/v7-m/nofp\libc_nano.a(lib_a-nano-svfprintf.o)
 .ARM.attributes
                0x00000000000004e7       0x2d c:/st/stm32cubeide_1.11.2/stm32cubeide/plugins/com.st.stm32cube.ide.mcu.externaltools.gnu-tools-for-stm32.10.3-2021.10.win32_1.0.100.202210260954/tools/bin/../lib/gcc/arm-none-eabi/10.3.1/../../../../arm-none-eabi/lib/thumb/v7-m/nofp\libc_nano.a(lib_a-nano-vfprintf_i.o)
 .ARM.attributes
                0x0000000000000514       0x2d c:/st/stm32cubeide_1.11.2/stm32cubeide/plugins/com.st.stm32cube.ide.mcu.externaltools.gnu-tools-for-stm32.10.3-2021.10.win32_1.0.100.202210260954/tools/bin/../lib/gcc/arm-none-eabi/10.3.1/../../../../arm-none-eabi/lib/thumb/v7-m/nofp\libc_nano.a(lib_a-memchr-stub.o)
 .ARM.attributes
                0x0000000000000541       0x2d c:/st/stm32cubeide_1.11.2/stm32cubeide/plugins/com.st.stm32cube.ide.mcu.externaltools.gnu-tools-for-stm32.10.3-2021.10.win32_1.0.100.202210260954/tools/bin/../lib/gcc/arm-none-eabi/10.3.1/../../../../arm-none-eabi/lib/thumb/v7-m/nofp\libc_nano.a(lib_a-memcpy-stub.o)
 .ARM.attributes
                0x000000000000056e       0x2d c:/st/stm32cubeide_1.11.2/stm32cubeide/plugins/com.st.stm32cube.ide.mcu.externaltools.gnu-tools-for-stm32.10.3-2021.10.win32_1.0.100.202210260954/tools/bin/../lib/gcc/arm-none-eabi/10.3.1/../../../../arm-none-eabi/lib/thumb/v7-m/nofp\libc_nano.a(lib_a-memmove.o)
 .ARM.attributes
                0x000000000000059b       0x2d c:/st/stm32cubeide_1.11.2/stm32cubeide/plugins/com.st.stm32cube.ide.mcu.externaltools.gnu-tools-for-stm32.10.3-2021.10.win32_1.0.100.202210260954/tools/bin/../lib/gcc/arm-none-eabi/10.3.1/../../../../arm-none-eabi/lib/thumb/v7-m/nofp\libc_nano.a(lib_a-nano-freer.o)
 .ARM.attributes
                0x00000000000005c8       0x2d c:/st/stm32cubeide_1.11.2/stm32cubeide/plugins/com.st.stm32cube.ide.mcu.externaltools.gnu-tools-for-stm32.10.3-2021.10.win32_1.0.100.202210260954/tools/bin/../lib/gcc/arm-none-eabi/10.3.1/../../../../arm-none-eabi/lib/thumb/v7-m/nofp\libc_nano.a(lib_a-nano-mallocr.o)
 .ARM.attributes
                0x00000000000005f5       0x2d c:/st/stm32cubeide_1.11.2/stm32cubeide/plugins/com.st.stm32cube.ide.mcu.externaltools.gnu-tools-for-stm32.10.3-2021.10.win32_1.0.100.202210260954/tools/bin/../lib/gcc/arm-none-eabi/10.3.1/../../../../arm-none-eabi/lib/thumb/v7-m/nofp\libc_nano.a(lib_a-nano-reallocr.o)
 .ARM.attributes
                0x0000000000000622       0x2d c:/st/stm32cubeide_1.11.2/stm32cubeide/plugins/com.st.stm32cube.ide.mcu.externaltools.gnu-tools-for-stm32.10.3-2021.10.win32_1.0.100.202210260954/tools/bin/../lib/gcc/arm-none-eabi/10.3.1/../../../../arm-none-eabi/lib/thumb/v7-m/nofp\libc_nano.a(lib_a-sbrkr.o)
 .ARM.attributes
                0x000000000000064f       0x2d c:/st/stm32cubeide_1.11.2/stm32cubeide/plugins/com.st.stm32cube.ide.mcu.externaltools.gnu-tools-for-stm32.10.3-2021.10.win32_1.0.100.202210260954/tools/bin/../lib/gcc/arm-none-eabi/10.3.1/../../../../arm-none-eabi/lib/thumb/v7-m/nofp\libc_nano.a(lib_a-mlock.o)
 .ARM.attributes
                0x000000000000067c       0x2d c:/st/stm32cubeide_1.11.2/stm32cubeide/plugins/com.st.stm32cube.ide.mcu.externaltools.gnu-tools-for-stm32.10.3-2021.10.win32_1.0.100.202210260954/tools/bin/../lib/gcc/arm-none-eabi/10.3.1/../../../../arm-none-eabi/lib/thumb/v7-m/nofp\libc_nano.a(lib_a-nano-msizer.o)
 .ARM.attributes
                0x00000000000006a9       0x2d c:/st/stm32cubeide_1.11.2/stm32cubeide/plugins/com.st.stm32cube.ide.mcu.externaltools.gnu-tools-for-stm32.10.3-2021.10.win32_1.0.100.202210260954/tools/bin/../lib/gcc/arm-none-eabi/10.3.1/../../../../arm-none-eabi/lib/thumb/v7-m/nofp\libc_nano.a(lib_a-reent.o)
 .ARM.attributes
                0x00000000000006d6       0x2d c:/st/stm32cubeide_1.11.2/stm32cubeide/plugins/com.st.stm32cube.ide.mcu.externaltools.gnu-tools-for-stm32.10.3-2021.10.win32_1.0.100.202210260954/tools/bin/../lib/gcc/arm-none-eabi/10.3.1/../../../../arm-none-eabi/lib/thumb/v7-m/nofp\libc_nano.a(lib_a-lock.o)
 .ARM.attributes
                0x0000000000000703       0x1d c:/st/stm32cubeide_1.11.2/stm32cubeide/plugins/com.st.stm32cube.ide.mcu.externaltools.gnu-tools-for-stm32.10.3-2021.10.win32_1.0.100.202210260954/tools/bin/../lib/gcc/arm-none-eabi/10.3.1/thumb/v7-m/nofp\libgcc.a(_arm_mulsf3.o)
 .ARM.attributes
                0x0000000000000720       0x1d c:/st/stm32cubeide_1.11.2/stm32cubeide/plugins/com.st.stm32cube.ide.mcu.externaltools.gnu-tools-for-stm32.10.3-2021.10.win32_1.0.100.202210260954/tools/bin/../lib/gcc/arm-none-eabi/10.3.1/thumb/v7-m/nofp\libgcc.a(_arm_addsubdf3.o)
 .ARM.attributes
                0x000000000000073d       0x1d c:/st/stm32cubeide_1.11.2/stm32cubeide/plugins/com.st.stm32cube.ide.mcu.externaltools.gnu-tools-for-stm32.10.3-2021.10.win32_1.0.100.202210260954/tools/bin/../lib/gcc/arm-none-eabi/10.3.1/thumb/v7-m/nofp\libgcc.a(_arm_muldivdf3.o)
 .ARM.attributes
                0x000000000000075a       0x1d c:/st/stm32cubeide_1.11.2/stm32cubeide/plugins/com.st.stm32cube.ide.mcu.externaltools.gnu-tools-for-stm32.10.3-2021.10.win32_1.0.100.202210260954/tools/bin/../lib/gcc/arm-none-eabi/10.3.1/thumb/v7-m/nofp\libgcc.a(_arm_fixunsdfsi.o)
 .ARM.attributes
                0x0000000000000777       0x1d c:/st/stm32cubeide_1.11.2/stm32cubeide/plugins/com.st.stm32cube.ide.mcu.externaltools.gnu-tools-for-stm32.10.3-2021.10.win32_1.0.100.202210260954/tools/bin/../lib/gcc/arm-none-eabi/10.3.1/thumb/v7-m/nofp\libgcc.a(_arm_truncdfsf2.o)
 .ARM.attributes
                0x0000000000000794       0x1d c:/st/stm32cubeide_1.11.2/stm32cubeide/plugins/com.st.stm32cube.ide.mcu.externaltools.gnu-tools-for-stm32.10.3-2021.10.win32_1.0.100.202210260954/tools/bin/../lib/gcc/arm-none-eabi/10.3.1/thumb/v7-m/nofp\libgcc.a(_arm_addsubsf3.o)
 .ARM.attributes
                0x00000000000007b1       0x1d c:/st/stm32cubeide_1.11.2/stm32cubeide/plugins/com.st.stm32cube.ide.mcu.externaltools.gnu-tools-for-stm32.10.3-2021.10.win32_1.0.100.202210260954/tools/bin/../lib/gcc/arm-none-eabi/10.3.1/thumb/v7-m/nofp\libgcc.a(_arm_fixunssfsi.o)
 .ARM.attributes
                0x00000000000007ce       0x1d c:/st/stm32cubeide_1.11.2/stm32cubeide/plugins/com.st.stm32cube.ide.mcu.externaltools.gnu-tools-for-stm32.10.3-2021.10.win32_1.0.100.202210260954/tools/bin/../lib/gcc/arm-none-eabi/10.3.1/thumb/v7-m/nofp/crtn.o
OUTPUT(h1.elf elf32-littlearm)
LOAD linker stubs
LOAD c:/st/stm32cubeide_1.11.2/stm32cubeide/plugins/com.st.stm32cube.ide.mcu.externaltools.gnu-tools-for-stm32.10.3-2021.10.win32_1.0.100.202210260954/tools/bin/../lib/gcc/arm-none-eabi/10.3.1/../../../../arm-none-eabi/lib/thumb/v7-m/nofp\libc.a
LOAD c:/st/stm32cubeide_1.11.2/stm32cubeide/plugins/com.st.stm32cube.ide.mcu.externaltools.gnu-tools-for-stm32.10.3-2021.10.win32_1.0.100.202210260954/tools/bin/../lib/gcc/arm-none-eabi/10.3.1/../../../../arm-none-eabi/lib/thumb/v7-m/nofp\libm.a
LOAD c:/st/stm32cubeide_1.11.2/stm32cubeide/plugins/com.st.stm32cube.ide.mcu.externaltools.gnu-tools-for-stm32.10.3-2021.10.win32_1.0.100.202210260954/tools/bin/../lib/gcc/arm-none-eabi/10.3.1/thumb/v7-m/nofp\libgcc.a

.debug_info     0x0000000000000000     0xe11b
 .debug_info    0x0000000000000000      0xf03 ./Core/ECUAL/SERVO/SERVO.o
 .debug_info    0x0000000000000f03      0x31d ./Core/ECUAL/SERVO/SERVO_cfg.o
 .debug_info    0x0000000000001220     0x1db7 ./Core/Src/main.o
 .debug_info    0x0000000000002fd7      0x1f1 ./Core/Src/scheduler.o
 .debug_info    0x00000000000031c8     0x1193 ./Core/Src/stm32f1xx_hal_msp.o
 .debug_info    0x000000000000435b      0x9fd ./Core/Src/stm32f1xx_it.o
 .debug_info    0x0000000000004d58      0x171 ./Core/Src/sysmem.o
 .debug_info    0x0000000000004ec9      0x23d ./Core/Src/system_stm32f1xx.o
 .debug_info    0x0000000000005106       0x22 ./Core/Startup/startup_stm32f103rbtx.o
 .debug_info    0x0000000000005128      0x269 ./Core/util/DWT_Delay.o
 .debug_info    0x0000000000005391      0x734 ./Drivers/STM32F1xx_HAL_Driver/Src/stm32f1xx_hal.o
 .debug_info    0x0000000000005ac5      0xcd9 ./Drivers/STM32F1xx_HAL_Driver/Src/stm32f1xx_hal_adc.o
 .debug_info    0x000000000000679e      0xb20 ./Drivers/STM32F1xx_HAL_Driver/Src/stm32f1xx_hal_cortex.o
 .debug_info    0x00000000000072be      0x73f ./Drivers/STM32F1xx_HAL_Driver/Src/stm32f1xx_hal_dma.o
 .debug_info    0x00000000000079fd      0x615 ./Drivers/STM32F1xx_HAL_Driver/Src/stm32f1xx_hal_gpio.o
 .debug_info    0x0000000000008012      0x860 ./Drivers/STM32F1xx_HAL_Driver/Src/stm32f1xx_hal_rcc.o
 .debug_info    0x0000000000008872      0x3e0 ./Drivers/STM32F1xx_HAL_Driver/Src/stm32f1xx_hal_rcc_ex.o
 .debug_info    0x0000000000008c52     0x29de ./Drivers/STM32F1xx_HAL_Driver/Src/stm32f1xx_hal_tim.o
 .debug_info    0x000000000000b630     0x1513 ./Drivers/STM32F1xx_HAL_Driver/Src/stm32f1xx_hal_tim_ex.o
 .debug_info    0x000000000000cb43     0x15d8 ./Drivers/STM32F1xx_HAL_Driver/Src/stm32f1xx_hal_uart.o

.debug_abbrev   0x0000000000000000     0x2545
 .debug_abbrev  0x0000000000000000      0x251 ./Core/ECUAL/SERVO/SERVO.o
 .debug_abbrev  0x0000000000000251       0xd4 ./Core/ECUAL/SERVO/SERVO_cfg.o
 .debug_abbrev  0x0000000000000325      0x417 ./Core/Src/main.o
 .debug_abbrev  0x000000000000073c      0x11a ./Core/Src/scheduler.o
 .debug_abbrev  0x0000000000000856      0x278 ./Core/Src/stm32f1xx_hal_msp.o
 .debug_abbrev  0x0000000000000ace      0x1b3 ./Core/Src/stm32f1xx_it.o
 .debug_abbrev  0x0000000000000c81       0xbb ./Core/Src/sysmem.o
 .debug_abbrev  0x0000000000000d3c      0x13b ./Core/Src/system_stm32f1xx.o
 .debug_abbrev  0x0000000000000e77       0x12 ./Core/Startup/startup_stm32f103rbtx.o
 .debug_abbrev  0x0000000000000e89       0xa7 ./Core/util/DWT_Delay.o
 .debug_abbrev  0x0000000000000f30      0x1fb ./Drivers/STM32F1xx_HAL_Driver/Src/stm32f1xx_hal.o
 .debug_abbrev  0x000000000000112b      0x210 ./Drivers/STM32F1xx_HAL_Driver/Src/stm32f1xx_hal_adc.o
 .debug_abbrev  0x000000000000133b      0x2ed ./Drivers/STM32F1xx_HAL_Driver/Src/stm32f1xx_hal_cortex.o
 .debug_abbrev  0x0000000000001628      0x1fe ./Drivers/STM32F1xx_HAL_Driver/Src/stm32f1xx_hal_dma.o
 .debug_abbrev  0x0000000000001826      0x1bb ./Drivers/STM32F1xx_HAL_Driver/Src/stm32f1xx_hal_gpio.o
 .debug_abbrev  0x00000000000019e1      0x2a8 ./Drivers/STM32F1xx_HAL_Driver/Src/stm32f1xx_hal_rcc.o
 .debug_abbrev  0x0000000000001c89      0x182 ./Drivers/STM32F1xx_HAL_Driver/Src/stm32f1xx_hal_rcc_ex.o
 .debug_abbrev  0x0000000000001e0b      0x25d ./Drivers/STM32F1xx_HAL_Driver/Src/stm32f1xx_hal_tim.o
 .debug_abbrev  0x0000000000002068      0x265 ./Drivers/STM32F1xx_HAL_Driver/Src/stm32f1xx_hal_tim_ex.o
 .debug_abbrev  0x00000000000022cd      0x278 ./Drivers/STM32F1xx_HAL_Driver/Src/stm32f1xx_hal_uart.o

.debug_aranges  0x0000000000000000      0xea8
 .debug_aranges
                0x0000000000000000       0x50 ./Core/ECUAL/SERVO/SERVO.o
 .debug_aranges
                0x0000000000000050       0x18 ./Core/ECUAL/SERVO/SERVO_cfg.o
 .debug_aranges
                0x0000000000000068       0xe8 ./Core/Src/main.o
 .debug_aranges
                0x0000000000000150       0x38 ./Core/Src/scheduler.o
 .debug_aranges
                0x0000000000000188       0x68 ./Core/Src/stm32f1xx_hal_msp.o
 .debug_aranges
                0x00000000000001f0       0x88 ./Core/Src/stm32f1xx_it.o
 .debug_aranges
                0x0000000000000278       0x20 ./Core/Src/sysmem.o
 .debug_aranges
                0x0000000000000298       0x28 ./Core/Src/system_stm32f1xx.o
 .debug_aranges
                0x00000000000002c0       0x28 ./Core/Startup/startup_stm32f103rbtx.o
 .debug_aranges
                0x00000000000002e8       0x20 ./Core/util/DWT_Delay.o
 .debug_aranges
                0x0000000000000308       0xe0 ./Drivers/STM32F1xx_HAL_Driver/Src/stm32f1xx_hal.o
 .debug_aranges
                0x00000000000003e8       0xf0 ./Drivers/STM32F1xx_HAL_Driver/Src/stm32f1xx_hal_adc.o
 .debug_aranges
                0x00000000000004d8      0x100 ./Drivers/STM32F1xx_HAL_Driver/Src/stm32f1xx_hal_cortex.o
 .debug_aranges
                0x00000000000005d8       0x80 ./Drivers/STM32F1xx_HAL_Driver/Src/stm32f1xx_hal_dma.o
 .debug_aranges
                0x0000000000000658       0x58 ./Drivers/STM32F1xx_HAL_Driver/Src/stm32f1xx_hal_gpio.o
 .debug_aranges
                0x00000000000006b0       0x90 ./Drivers/STM32F1xx_HAL_Driver/Src/stm32f1xx_hal_rcc.o
 .debug_aranges
                0x0000000000000740       0x30 ./Drivers/STM32F1xx_HAL_Driver/Src/stm32f1xx_hal_rcc_ex.o
 .debug_aranges
                0x0000000000000770      0x3d0 ./Drivers/STM32F1xx_HAL_Driver/Src/stm32f1xx_hal_tim.o
 .debug_aranges
                0x0000000000000b40      0x168 ./Drivers/STM32F1xx_HAL_Driver/Src/stm32f1xx_hal_tim_ex.o
 .debug_aranges
                0x0000000000000ca8      0x200 ./Drivers/STM32F1xx_HAL_Driver/Src/stm32f1xx_hal_uart.o

.debug_ranges   0x0000000000000000      0xd98
 .debug_ranges  0x0000000000000000       0x40 ./Core/ECUAL/SERVO/SERVO.o
 .debug_ranges  0x0000000000000040       0xd8 ./Core/Src/main.o
 .debug_ranges  0x0000000000000118       0x28 ./Core/Src/scheduler.o
 .debug_ranges  0x0000000000000140       0x58 ./Core/Src/stm32f1xx_hal_msp.o
 .debug_ranges  0x0000000000000198       0x78 ./Core/Src/stm32f1xx_it.o
 .debug_ranges  0x0000000000000210       0x10 ./Core/Src/sysmem.o
 .debug_ranges  0x0000000000000220       0x18 ./Core/Src/system_stm32f1xx.o
 .debug_ranges  0x0000000000000238       0x20 ./Core/Startup/startup_stm32f103rbtx.o
 .debug_ranges  0x0000000000000258       0x10 ./Core/util/DWT_Delay.o
 .debug_ranges  0x0000000000000268       0xd0 ./Drivers/STM32F1xx_HAL_Driver/Src/stm32f1xx_hal.o
 .debug_ranges  0x0000000000000338       0xe0 ./Drivers/STM32F1xx_HAL_Driver/Src/stm32f1xx_hal_adc.o
 .debug_ranges  0x0000000000000418       0xf0 ./Drivers/STM32F1xx_HAL_Driver/Src/stm32f1xx_hal_cortex.o
 .debug_ranges  0x0000000000000508       0x70 ./Drivers/STM32F1xx_HAL_Driver/Src/stm32f1xx_hal_dma.o
 .debug_ranges  0x0000000000000578       0x48 ./Drivers/STM32F1xx_HAL_Driver/Src/stm32f1xx_hal_gpio.o
 .debug_ranges  0x00000000000005c0       0x80 ./Drivers/STM32F1xx_HAL_Driver/Src/stm32f1xx_hal_rcc.o
 .debug_ranges  0x0000000000000640       0x20 ./Drivers/STM32F1xx_HAL_Driver/Src/stm32f1xx_hal_rcc_ex.o
 .debug_ranges  0x0000000000000660      0x3c0 ./Drivers/STM32F1xx_HAL_Driver/Src/stm32f1xx_hal_tim.o
 .debug_ranges  0x0000000000000a20      0x158 ./Drivers/STM32F1xx_HAL_Driver/Src/stm32f1xx_hal_tim_ex.o
 .debug_ranges  0x0000000000000b78      0x220 ./Drivers/STM32F1xx_HAL_Driver/Src/stm32f1xx_hal_uart.o

.debug_macro    0x0000000000000000    0x18e81
 .debug_macro   0x0000000000000000      0x1da ./Core/ECUAL/SERVO/SERVO.o
 .debug_macro   0x00000000000001da      0xa6c ./Core/ECUAL/SERVO/SERVO.o
 .debug_macro   0x0000000000000c46       0x10 ./Core/ECUAL/SERVO/SERVO.o
 .debug_macro   0x0000000000000c56      0x227 ./Core/ECUAL/SERVO/SERVO.o
 .debug_macro   0x0000000000000e7d       0x2e ./Core/ECUAL/SERVO/SERVO.o
 .debug_macro   0x0000000000000eab       0x22 ./Core/ECUAL/SERVO/SERVO.o
 .debug_macro   0x0000000000000ecd       0x22 ./Core/ECUAL/SERVO/SERVO.o
 .debug_macro   0x0000000000000eef       0x8e ./Core/ECUAL/SERVO/SERVO.o
 .debug_macro   0x0000000000000f7d       0x51 ./Core/ECUAL/SERVO/SERVO.o
 .debug_macro   0x0000000000000fce      0x103 ./Core/ECUAL/SERVO/SERVO.o
 .debug_macro   0x00000000000010d1       0x6a ./Core/ECUAL/SERVO/SERVO.o
 .debug_macro   0x000000000000113b      0x1df ./Core/ECUAL/SERVO/SERVO.o
 .debug_macro   0x000000000000131a       0x1c ./Core/ECUAL/SERVO/SERVO.o
 .debug_macro   0x0000000000001336       0x22 ./Core/ECUAL/SERVO/SERVO.o
 .debug_macro   0x0000000000001358       0xbd ./Core/ECUAL/SERVO/SERVO.o
 .debug_macro   0x0000000000001415      0xd23 ./Core/ECUAL/SERVO/SERVO.o
 .debug_macro   0x0000000000002138     0xe09e ./Core/ECUAL/SERVO/SERVO.o
 .debug_macro   0x00000000000101d6       0x6d ./Core/ECUAL/SERVO/SERVO.o
 .debug_macro   0x0000000000010243     0x3468 ./Core/ECUAL/SERVO/SERVO.o
 .debug_macro   0x00000000000136ab      0x174 ./Core/ECUAL/SERVO/SERVO.o
 .debug_macro   0x000000000001381f       0x5c ./Core/ECUAL/SERVO/SERVO.o
 .debug_macro   0x000000000001387b      0x5be ./Core/ECUAL/SERVO/SERVO.o
 .debug_macro   0x0000000000013e39      0x289 ./Core/ECUAL/SERVO/SERVO.o
 .debug_macro   0x00000000000140c2      0x1cb ./Core/ECUAL/SERVO/SERVO.o
 .debug_macro   0x000000000001428d      0x114 ./Core/ECUAL/SERVO/SERVO.o
 .debug_macro   0x00000000000143a1      0x1b2 ./Core/ECUAL/SERVO/SERVO.o
 .debug_macro   0x0000000000014553       0x27 ./Core/ECUAL/SERVO/SERVO.o
 .debug_macro   0x000000000001457a      0x136 ./Core/ECUAL/SERVO/SERVO.o
 .debug_macro   0x00000000000146b0      0x1bc ./Core/ECUAL/SERVO/SERVO.o
 .debug_macro   0x000000000001486c       0x34 ./Core/ECUAL/SERVO/SERVO.o
 .debug_macro   0x00000000000148a0       0x3c ./Core/ECUAL/SERVO/SERVO.o
 .debug_macro   0x00000000000148dc       0x57 ./Core/ECUAL/SERVO/SERVO.o
 .debug_macro   0x0000000000014933      0x46a ./Core/ECUAL/SERVO/SERVO.o
 .debug_macro   0x0000000000014d9d      0x1b5 ./Core/ECUAL/SERVO/SERVO.o
 .debug_macro   0x0000000000014f52       0x88 ./Core/ECUAL/SERVO/SERVO.o
 .debug_macro   0x0000000000014fda      0x241 ./Core/ECUAL/SERVO/SERVO.o
 .debug_macro   0x000000000001521b      0x141 ./Core/ECUAL/SERVO/SERVO.o
 .debug_macro   0x000000000001535c      0x8d1 ./Core/ECUAL/SERVO/SERVO.o
 .debug_macro   0x0000000000015c2d      0x279 ./Core/ECUAL/SERVO/SERVO.o
 .debug_macro   0x0000000000015ea6       0x83 ./Core/ECUAL/SERVO/SERVO.o
 .debug_macro   0x0000000000015f29      0x1c6 ./Core/ECUAL/SERVO/SERVO_cfg.o
 .debug_macro   0x00000000000160ef      0x3da ./Core/Src/main.o
 .debug_macro   0x00000000000164c9       0x28 ./Core/Src/main.o
 .debug_macro   0x00000000000164f1       0x10 ./Core/Src/main.o
 .debug_macro   0x0000000000016501       0x52 ./Core/Src/main.o
 .debug_macro   0x0000000000016553       0x18 ./Core/Src/main.o
 .debug_macro   0x000000000001656b       0x3c ./Core/Src/main.o
 .debug_macro   0x00000000000165a7       0x34 ./Core/Src/main.o
 .debug_macro   0x00000000000165db       0x16 ./Core/Src/main.o
 .debug_macro   0x00000000000165f1       0x35 ./Core/Src/main.o
 .debug_macro   0x0000000000016626      0x341 ./Core/Src/main.o
 .debug_macro   0x0000000000016967       0x10 ./Core/Src/main.o
 .debug_macro   0x0000000000016977       0x16 ./Core/Src/main.o
 .debug_macro   0x000000000001698d       0x43 ./Core/Src/main.o
 .debug_macro   0x00000000000169d0       0x34 ./Core/Src/main.o
 .debug_macro   0x0000000000016a04       0x10 ./Core/Src/main.o
 .debug_macro   0x0000000000016a14       0x58 ./Core/Src/main.o
 .debug_macro   0x0000000000016a6c       0x71 ./Core/Src/main.o
 .debug_macro   0x0000000000016add       0x1c ./Core/Src/main.o
 .debug_macro   0x0000000000016af9      0x12a ./Core/Src/main.o
 .debug_macro   0x0000000000016c23       0x10 ./Core/Src/main.o
 .debug_macro   0x0000000000016c33       0x1c ./Core/Src/main.o
 .debug_macro   0x0000000000016c4f       0x52 ./Core/Src/main.o
 .debug_macro   0x0000000000016ca1       0x22 ./Core/Src/main.o
 .debug_macro   0x0000000000016cc3       0x10 ./Core/Src/main.o
 .debug_macro   0x0000000000016cd3       0x52 ./Core/Src/main.o
 .debug_macro   0x0000000000016d25       0xd5 ./Core/Src/main.o
 .debug_macro   0x0000000000016dfa       0x1c ./Core/Src/main.o
 .debug_macro   0x0000000000016e16       0x3d ./Core/Src/main.o
 .debug_macro   0x0000000000016e53       0x16 ./Core/Src/main.o
 .debug_macro   0x0000000000016e69      0x145 ./Core/Src/main.o
 .debug_macro   0x0000000000016fae       0x16 ./Core/Src/main.o
 .debug_macro   0x0000000000016fc4       0x20 ./Core/Src/main.o
 .debug_macro   0x0000000000016fe4       0x16 ./Core/Src/main.o
 .debug_macro   0x0000000000016ffa      0x19b ./Core/Src/main.o
 .debug_macro   0x0000000000017195       0x16 ./Core/Src/main.o
 .debug_macro   0x00000000000171ab       0x16 ./Core/Src/main.o
 .debug_macro   0x00000000000171c1       0x29 ./Core/Src/main.o
 .debug_macro   0x00000000000171ea       0x73 ./Core/Src/scheduler.o
 .debug_macro   0x000000000001725d      0x1c1 ./Core/Src/stm32f1xx_hal_msp.o
 .debug_macro   0x000000000001741e      0x1cb ./Core/Src/stm32f1xx_it.o
 .debug_macro   0x00000000000175e9       0xff ./Core/Src/sysmem.o
 .debug_macro   0x00000000000176e8      0x23b ./Core/Src/sysmem.o
 .debug_macro   0x0000000000017923      0x1b7 ./Core/Src/system_stm32f1xx.o
 .debug_macro   0x0000000000017ada      0x1c1 ./Core/util/DWT_Delay.o
 .debug_macro   0x0000000000017c9b      0x1db ./Drivers/STM32F1xx_HAL_Driver/Src/stm32f1xx_hal.o
 .debug_macro   0x0000000000017e76      0x1d4 ./Drivers/STM32F1xx_HAL_Driver/Src/stm32f1xx_hal_adc.o
 .debug_macro   0x000000000001804a      0x1b7 ./Drivers/STM32F1xx_HAL_Driver/Src/stm32f1xx_hal_cortex.o
 .debug_macro   0x0000000000018201      0x1b7 ./Drivers/STM32F1xx_HAL_Driver/Src/stm32f1xx_hal_dma.o
 .debug_macro   0x00000000000183b8      0x222 ./Drivers/STM32F1xx_HAL_Driver/Src/stm32f1xx_hal_gpio.o
 .debug_macro   0x00000000000185da      0x1c9 ./Drivers/STM32F1xx_HAL_Driver/Src/stm32f1xx_hal_rcc.o
 .debug_macro   0x00000000000187a3      0x1b7 ./Drivers/STM32F1xx_HAL_Driver/Src/stm32f1xx_hal_rcc_ex.o
 .debug_macro   0x000000000001895a      0x1b8 ./Drivers/STM32F1xx_HAL_Driver/Src/stm32f1xx_hal_tim.o
 .debug_macro   0x0000000000018b12      0x1b7 ./Drivers/STM32F1xx_HAL_Driver/Src/stm32f1xx_hal_tim_ex.o
 .debug_macro   0x0000000000018cc9      0x1b8 ./Drivers/STM32F1xx_HAL_Driver/Src/stm32f1xx_hal_uart.o

.debug_line     0x0000000000000000    0x10162
 .debug_line    0x0000000000000000      0x8f1 ./Core/ECUAL/SERVO/SERVO.o
 .debug_line    0x00000000000008f1      0x693 ./Core/ECUAL/SERVO/SERVO_cfg.o
 .debug_line    0x0000000000000f84     0x1235 ./Core/Src/main.o
 .debug_line    0x00000000000021b9      0x467 ./Core/Src/scheduler.o
 .debug_line    0x0000000000002620      0x839 ./Core/Src/stm32f1xx_hal_msp.o
 .debug_line    0x0000000000002e59      0x7e5 ./Core/Src/stm32f1xx_it.o
 .debug_line    0x000000000000363e      0x4f4 ./Core/Src/sysmem.o
 .debug_line    0x0000000000003b32      0x729 ./Core/Src/system_stm32f1xx.o
 .debug_line    0x000000000000425b       0x87 ./Core/Startup/startup_stm32f103rbtx.o
 .debug_line    0x00000000000042e2      0x6c3 ./Core/util/DWT_Delay.o
 .debug_line    0x00000000000049a5      0x956 ./Drivers/STM32F1xx_HAL_Driver/Src/stm32f1xx_hal.o
 .debug_line    0x00000000000052fb      0xfcd ./Drivers/STM32F1xx_HAL_Driver/Src/stm32f1xx_hal_adc.o
 .debug_line    0x00000000000062c8      0xb3e ./Drivers/STM32F1xx_HAL_Driver/Src/stm32f1xx_hal_cortex.o
 .debug_line    0x0000000000006e06      0xdae ./Drivers/STM32F1xx_HAL_Driver/Src/stm32f1xx_hal_dma.o
 .debug_line    0x0000000000007bb4      0x9ed ./Drivers/STM32F1xx_HAL_Driver/Src/stm32f1xx_hal_gpio.o
 .debug_line    0x00000000000085a1      0xd64 ./Drivers/STM32F1xx_HAL_Driver/Src/stm32f1xx_hal_rcc.o
 .debug_line    0x0000000000009305      0x8a2 ./Drivers/STM32F1xx_HAL_Driver/Src/stm32f1xx_hal_rcc_ex.o
 .debug_line    0x0000000000009ba7     0x330c ./Drivers/STM32F1xx_HAL_Driver/Src/stm32f1xx_hal_tim.o
 .debug_line    0x000000000000ceb3     0x187e ./Drivers/STM32F1xx_HAL_Driver/Src/stm32f1xx_hal_tim_ex.o
 .debug_line    0x000000000000e731     0x1a31 ./Drivers/STM32F1xx_HAL_Driver/Src/stm32f1xx_hal_uart.o

.debug_str      0x0000000000000000    0x90593
 .debug_str     0x0000000000000000    0x881a6 ./Core/ECUAL/SERVO/SERVO.o
                                      0x885d4 (size before relaxing)
 .debug_str     0x00000000000881a6       0x20 ./Core/ECUAL/SERVO/SERVO_cfg.o
                                      0x87cfe (size before relaxing)
 .debug_str     0x00000000000881c6     0x5346 ./Core/Src/main.o
                                      0x8d7d1 (size before relaxing)
 .debug_str     0x000000000008d50c       0x6a ./Core/Src/scheduler.o
                                       0x3c83 (size before relaxing)
 .debug_str     0x000000000008d576      0x144 ./Core/Src/stm32f1xx_hal_msp.o
                                      0x88935 (size before relaxing)
 .debug_str     0x000000000008d6ba      0x185 ./Core/Src/stm32f1xx_it.o
                                      0x88449 (size before relaxing)
 .debug_str     0x000000000008d83f      0x4da ./Core/Src/sysmem.o
                                       0x5d50 (size before relaxing)
 .debug_str     0x000000000008dd19       0x7e ./Core/Src/system_stm32f1xx.o
                                      0x87cba (size before relaxing)
 .debug_str     0x000000000008dd97       0x36 ./Core/Startup/startup_stm32f103rbtx.o
                                         0x6a (size before relaxing)
 .debug_str     0x000000000008ddcd       0x40 ./Core/util/DWT_Delay.o
                                      0x87cf8 (size before relaxing)
 .debug_str     0x000000000008de0d      0x37f ./Drivers/STM32F1xx_HAL_Driver/Src/stm32f1xx_hal.o
                                      0x883ed (size before relaxing)
 .debug_str     0x000000000008e18c      0x37f ./Drivers/STM32F1xx_HAL_Driver/Src/stm32f1xx_hal_adc.o
                                      0x88397 (size before relaxing)
 .debug_str     0x000000000008e50b      0x284 ./Drivers/STM32F1xx_HAL_Driver/Src/stm32f1xx_hal_cortex.o
                                      0x88339 (size before relaxing)
 .debug_str     0x000000000008e78f      0x1e2 ./Drivers/STM32F1xx_HAL_Driver/Src/stm32f1xx_hal_dma.o
                                      0x88063 (size before relaxing)
 .debug_str     0x000000000008e971      0x297 ./Drivers/STM32F1xx_HAL_Driver/Src/stm32f1xx_hal_gpio.o
                                      0x88040 (size before relaxing)
 .debug_str     0x000000000008ec08      0x215 ./Drivers/STM32F1xx_HAL_Driver/Src/stm32f1xx_hal_rcc.o
                                      0x880e9 (size before relaxing)
 .debug_str     0x000000000008ee1d       0x84 ./Drivers/STM32F1xx_HAL_Driver/Src/stm32f1xx_hal_rcc_ex.o
                                      0x87e39 (size before relaxing)
 .debug_str     0x000000000008eea1      0xcd3 ./Drivers/STM32F1xx_HAL_Driver/Src/stm32f1xx_hal_tim.o
                                      0x890d4 (size before relaxing)