../Core/Src/main.c:140:7:task1	8	static
../Core/Src/main.c:146:7:task2	88	static
../Core/Src/main.c:152:6:resentack	88	static
../Core/Src/main.c:160:13:calc_pause	16	static
../Core/Src/main.c:169:6:Button	8	static
../Core/Src/main.c:231:6:record	4	static
../Core/Src/main.c:238:6:play_servo	8	static
../Core/Src/main.c:269:5:myabs	16	static
../Core/Src/main.c:276:6:calculate	8	static
../Core/Src/main.c:304:5:map	24	static
../Core/Src/main.c:307:5:max	16	static
../Core/Src/main.c:314:6:Read	4	static
../Core/Src/main.c:321:6:play	8	static
../Core/Src/main.c:363:6:control_servo	16	static
../Core/Src/main.c:415:5:main	8	static
../Core/Src/main.c:531:6:SystemClock_Config	88	static
../Core/Src/main.c:578:13:MX_ADC1_Init	24	static
../Core/Src/main.c:655:13:MX_TIM2_Init	32	static
../Core/Src/main.c:700:13:MX_TIM3_Init	48	static
../Core/Src/main.c:761:13:MX_USART1_UART_Init	8	static
../Core/Src/main.c:792:13:MX_DMA_Init	16	static
../Core/Src/main.c:813:13:MX_GPIO_Init	40	static
../Core/Src/main.c:862:6:HAL_GPIO_EXTI_Callback	16	static
../Core/Src/main.c:888:6:HAL_UART_RxCpltCallback	16	static
../Core/Src/main.c:920:7:HAL_TIM_PeriodElapsedCallback	16	static
../Core/Src/main.c:972:6:Error_Handler	4	static,ignoring_inline_asm
